Archive member included to satisfy reference by file (symbol)

c:/st/stm32cubeide_1.12.1/stm32cubeide/plugins/com.st.stm32cube.ide.mcu.externaltools.gnu-tools-for-stm32.10.3-2021.10.win32_1.0.200.202301161003/tools/bin/../lib/gcc/arm-none-eabi/10.3.1/../../../../arm-none-eabi/lib/thumb/v7e-m+fp/hard\libc_nano.a(lib_a-exit.o)
                              c:/st/stm32cubeide_1.12.1/stm32cubeide/plugins/com.st.stm32cube.ide.mcu.externaltools.gnu-tools-for-stm32.10.3-2021.10.win32_1.0.200.202301161003/tools/bin/../lib/gcc/arm-none-eabi/10.3.1/../../../../arm-none-eabi/lib/thumb/v7e-m+fp/hard/crt0.o (exit)
c:/st/stm32cubeide_1.12.1/stm32cubeide/plugins/com.st.stm32cube.ide.mcu.externaltools.gnu-tools-for-stm32.10.3-2021.10.win32_1.0.200.202301161003/tools/bin/../lib/gcc/arm-none-eabi/10.3.1/../../../../arm-none-eabi/lib/thumb/v7e-m+fp/hard\libc_nano.a(lib_a-impure.o)
                              c:/st/stm32cubeide_1.12.1/stm32cubeide/plugins/com.st.stm32cube.ide.mcu.externaltools.gnu-tools-for-stm32.10.3-2021.10.win32_1.0.200.202301161003/tools/bin/../lib/gcc/arm-none-eabi/10.3.1/../../../../arm-none-eabi/lib/thumb/v7e-m+fp/hard\libc_nano.a(lib_a-exit.o) (_global_impure_ptr)
c:/st/stm32cubeide_1.12.1/stm32cubeide/plugins/com.st.stm32cube.ide.mcu.externaltools.gnu-tools-for-stm32.10.3-2021.10.win32_1.0.200.202301161003/tools/bin/../lib/gcc/arm-none-eabi/10.3.1/../../../../arm-none-eabi/lib/thumb/v7e-m+fp/hard\libc_nano.a(lib_a-init.o)
                              c:/st/stm32cubeide_1.12.1/stm32cubeide/plugins/com.st.stm32cube.ide.mcu.externaltools.gnu-tools-for-stm32.10.3-2021.10.win32_1.0.200.202301161003/tools/bin/../lib/gcc/arm-none-eabi/10.3.1/../../../../arm-none-eabi/lib/thumb/v7e-m+fp/hard/crt0.o (__libc_init_array)
c:/st/stm32cubeide_1.12.1/stm32cubeide/plugins/com.st.stm32cube.ide.mcu.externaltools.gnu-tools-for-stm32.10.3-2021.10.win32_1.0.200.202301161003/tools/bin/../lib/gcc/arm-none-eabi/10.3.1/../../../../arm-none-eabi/lib/thumb/v7e-m+fp/hard\libc_nano.a(lib_a-memset.o)
                              c:/st/stm32cubeide_1.12.1/stm32cubeide/plugins/com.st.stm32cube.ide.mcu.externaltools.gnu-tools-for-stm32.10.3-2021.10.win32_1.0.200.202301161003/tools/bin/../lib/gcc/arm-none-eabi/10.3.1/../../../../arm-none-eabi/lib/thumb/v7e-m+fp/hard/crt0.o (memset)
c:/st/stm32cubeide_1.12.1/stm32cubeide/plugins/com.st.stm32cube.ide.mcu.externaltools.gnu-tools-for-stm32.10.3-2021.10.win32_1.0.200.202301161003/tools/bin/../lib/gcc/arm-none-eabi/10.3.1/../../../../arm-none-eabi/lib/thumb/v7e-m+fp/hard\libnosys.a(_exit.o)
                              c:/st/stm32cubeide_1.12.1/stm32cubeide/plugins/com.st.stm32cube.ide.mcu.externaltools.gnu-tools-for-stm32.10.3-2021.10.win32_1.0.200.202301161003/tools/bin/../lib/gcc/arm-none-eabi/10.3.1/../../../../arm-none-eabi/lib/thumb/v7e-m+fp/hard\libc_nano.a(lib_a-exit.o) (_exit)

Discarded input sections

 .text          0x0000000000000000        0x0 c:/st/stm32cubeide_1.12.1/stm32cubeide/plugins/com.st.stm32cube.ide.mcu.externaltools.gnu-tools-for-stm32.10.3-2021.10.win32_1.0.200.202301161003/tools/bin/../lib/gcc/arm-none-eabi/10.3.1/thumb/v7e-m+fp/hard/crti.o
 .data          0x0000000000000000        0x0 c:/st/stm32cubeide_1.12.1/stm32cubeide/plugins/com.st.stm32cube.ide.mcu.externaltools.gnu-tools-for-stm32.10.3-2021.10.win32_1.0.200.202301161003/tools/bin/../lib/gcc/arm-none-eabi/10.3.1/thumb/v7e-m+fp/hard/crti.o
 .bss           0x0000000000000000        0x0 c:/st/stm32cubeide_1.12.1/stm32cubeide/plugins/com.st.stm32cube.ide.mcu.externaltools.gnu-tools-for-stm32.10.3-2021.10.win32_1.0.200.202301161003/tools/bin/../lib/gcc/arm-none-eabi/10.3.1/thumb/v7e-m+fp/hard/crti.o
 .data          0x0000000000000000        0x4 c:/st/stm32cubeide_1.12.1/stm32cubeide/plugins/com.st.stm32cube.ide.mcu.externaltools.gnu-tools-for-stm32.10.3-2021.10.win32_1.0.200.202301161003/tools/bin/../lib/gcc/arm-none-eabi/10.3.1/thumb/v7e-m+fp/hard/crtbegin.o
 .rodata        0x0000000000000000       0x24 c:/st/stm32cubeide_1.12.1/stm32cubeide/plugins/com.st.stm32cube.ide.mcu.externaltools.gnu-tools-for-stm32.10.3-2021.10.win32_1.0.200.202301161003/tools/bin/../lib/gcc/arm-none-eabi/10.3.1/thumb/v7e-m+fp/hard/crtbegin.o
 .text          0x0000000000000000       0x7c c:/st/stm32cubeide_1.12.1/stm32cubeide/plugins/com.st.stm32cube.ide.mcu.externaltools.gnu-tools-for-stm32.10.3-2021.10.win32_1.0.200.202301161003/tools/bin/../lib/gcc/arm-none-eabi/10.3.1/../../../../arm-none-eabi/lib/thumb/v7e-m+fp/hard/crt0.o
 .data          0x0000000000000000        0x0 c:/st/stm32cubeide_1.12.1/stm32cubeide/plugins/com.st.stm32cube.ide.mcu.externaltools.gnu-tools-for-stm32.10.3-2021.10.win32_1.0.200.202301161003/tools/bin/../lib/gcc/arm-none-eabi/10.3.1/../../../../arm-none-eabi/lib/thumb/v7e-m+fp/hard/crt0.o
 .bss           0x0000000000000000        0x0 c:/st/stm32cubeide_1.12.1/stm32cubeide/plugins/com.st.stm32cube.ide.mcu.externaltools.gnu-tools-for-stm32.10.3-2021.10.win32_1.0.200.202301161003/tools/bin/../lib/gcc/arm-none-eabi/10.3.1/../../../../arm-none-eabi/lib/thumb/v7e-m+fp/hard/crt0.o
 .ARM.extab     0x0000000000000000        0x0 c:/st/stm32cubeide_1.12.1/stm32cubeide/plugins/com.st.stm32cube.ide.mcu.externaltools.gnu-tools-for-stm32.10.3-2021.10.win32_1.0.200.202301161003/tools/bin/../lib/gcc/arm-none-eabi/10.3.1/../../../../arm-none-eabi/lib/thumb/v7e-m+fp/hard/crt0.o
 .ARM.exidx     0x0000000000000000       0x10 c:/st/stm32cubeide_1.12.1/stm32cubeide/plugins/com.st.stm32cube.ide.mcu.externaltools.gnu-tools-for-stm32.10.3-2021.10.win32_1.0.200.202301161003/tools/bin/../lib/gcc/arm-none-eabi/10.3.1/../../../../arm-none-eabi/lib/thumb/v7e-m+fp/hard/crt0.o
 .ARM.attributes
                0x0000000000000000       0x1c c:/st/stm32cubeide_1.12.1/stm32cubeide/plugins/com.st.stm32cube.ide.mcu.externaltools.gnu-tools-for-stm32.10.3-2021.10.win32_1.0.200.202301161003/tools/bin/../lib/gcc/arm-none-eabi/10.3.1/../../../../arm-none-eabi/lib/thumb/v7e-m+fp/hard/crt0.o
 .group         0x0000000000000000        0xc ./Src/003button_interrupt.o
 .group         0x0000000000000000        0xc ./Src/003button_interrupt.o
 .group         0x0000000000000000        0xc ./Src/003button_interrupt.o
 .group         0x0000000000000000        0xc ./Src/003button_interrupt.o
 .group         0x0000000000000000        0xc ./Src/003button_interrupt.o
 .group         0x0000000000000000        0xc ./Src/003button_interrupt.o
 .group         0x0000000000000000        0xc ./Src/003button_interrupt.o
 .group         0x0000000000000000        0xc ./Src/003button_interrupt.o
 .group         0x0000000000000000        0xc ./Src/003button_interrupt.o
 .group         0x0000000000000000        0xc ./Src/003button_interrupt.o
 .group         0x0000000000000000        0xc ./Src/003button_interrupt.o
 .group         0x0000000000000000        0xc ./Src/003button_interrupt.o
 .group         0x0000000000000000        0xc ./Src/003button_interrupt.o
 .group         0x0000000000000000        0xc ./Src/003button_interrupt.o
 .group         0x0000000000000000        0xc ./Src/003button_interrupt.o
 .group         0x0000000000000000        0xc ./Src/003button_interrupt.o
 .group         0x0000000000000000        0xc ./Src/003button_interrupt.o
 .group         0x0000000000000000        0xc ./Src/003button_interrupt.o
 .group         0x0000000000000000        0xc ./Src/003button_interrupt.o
 .group         0x0000000000000000        0xc ./Src/003button_interrupt.o
 .group         0x0000000000000000        0xc ./Src/003button_interrupt.o
 .group         0x0000000000000000        0xc ./Src/003button_interrupt.o
 .group         0x0000000000000000        0xc ./Src/003button_interrupt.o
 .group         0x0000000000000000        0xc ./Src/003button_interrupt.o
 .group         0x0000000000000000        0xc ./Src/003button_interrupt.o
 .group         0x0000000000000000        0xc ./Src/003button_interrupt.o
 .text          0x0000000000000000        0x0 ./Src/003button_interrupt.o
 .data          0x0000000000000000        0x0 ./Src/003button_interrupt.o
 .bss           0x0000000000000000        0x0 ./Src/003button_interrupt.o
 .text          0x0000000000000000       0x14 ./Startup/startup_stm32f411vetx.o
 .data          0x0000000000000000        0x0 ./Startup/startup_stm32f411vetx.o
 .bss           0x0000000000000000        0x0 ./Startup/startup_stm32f411vetx.o
 .group         0x0000000000000000        0xc ./drivers/Src/stm32f411xx_gpio_driver.o
 .group         0x0000000000000000        0xc ./drivers/Src/stm32f411xx_gpio_driver.o
 .group         0x0000000000000000        0xc ./drivers/Src/stm32f411xx_gpio_driver.o
 .group         0x0000000000000000        0xc ./drivers/Src/stm32f411xx_gpio_driver.o
 .group         0x0000000000000000        0xc ./drivers/Src/stm32f411xx_gpio_driver.o
 .group         0x0000000000000000        0xc ./drivers/Src/stm32f411xx_gpio_driver.o
 .group         0x0000000000000000        0xc ./drivers/Src/stm32f411xx_gpio_driver.o
 .group         0x0000000000000000        0xc ./drivers/Src/stm32f411xx_gpio_driver.o
 .group         0x0000000000000000        0xc ./drivers/Src/stm32f411xx_gpio_driver.o
 .text          0x0000000000000000        0x0 ./drivers/Src/stm32f411xx_gpio_driver.o
 .data          0x0000000000000000        0x0 ./drivers/Src/stm32f411xx_gpio_driver.o
 .bss           0x0000000000000000        0x0 ./drivers/Src/stm32f411xx_gpio_driver.o
 .text.GPIO_DeInit
                0x0000000000000000       0xfc ./drivers/Src/stm32f411xx_gpio_driver.o
 .text.GPIO_ReadFromInputPin
                0x0000000000000000       0x2c ./drivers/Src/stm32f411xx_gpio_driver.o
 .text.GPIO_ReadFromInputPort
                0x0000000000000000       0x1c ./drivers/Src/stm32f411xx_gpio_driver.o
 .text.GPIO_WriteToOutputPin
                0x0000000000000000       0x4a ./drivers/Src/stm32f411xx_gpio_driver.o
 .text.GPIO_WriteToOutputPort
                0x0000000000000000       0x1e ./drivers/Src/stm32f411xx_gpio_driver.o
 .debug_macro   0x0000000000000000      0xa84 ./drivers/Src/stm32f411xx_gpio_driver.o
 .debug_macro   0x0000000000000000       0x22 ./drivers/Src/stm32f411xx_gpio_driver.o
 .debug_macro   0x0000000000000000       0x8e ./drivers/Src/stm32f411xx_gpio_driver.o
 .debug_macro   0x0000000000000000       0x51 ./drivers/Src/stm32f411xx_gpio_driver.o
 .debug_macro   0x0000000000000000      0x103 ./drivers/Src/stm32f411xx_gpio_driver.o
 .debug_macro   0x0000000000000000       0x6a ./drivers/Src/stm32f411xx_gpio_driver.o
 .debug_macro   0x0000000000000000      0x1df ./drivers/Src/stm32f411xx_gpio_driver.o
 .debug_macro   0x0000000000000000      0x2bd ./drivers/Src/stm32f411xx_gpio_driver.o
 .debug_macro   0x0000000000000000       0xc4 ./drivers/Src/stm32f411xx_gpio_driver.o
 .group         0x0000000000000000        0xc ./drivers/Src/stm32f411xx_spi_drivers.o
 .group         0x0000000000000000        0xc ./drivers/Src/stm32f411xx_spi_drivers.o
 .group         0x0000000000000000        0xc ./drivers/Src/stm32f411xx_spi_drivers.o
 .group         0x0000000000000000        0xc ./drivers/Src/stm32f411xx_spi_drivers.o
 .group         0x0000000000000000        0xc ./drivers/Src/stm32f411xx_spi_drivers.o
 .group         0x0000000000000000        0xc ./drivers/Src/stm32f411xx_spi_drivers.o
 .group         0x0000000000000000        0xc ./drivers/Src/stm32f411xx_spi_drivers.o
 .group         0x0000000000000000        0xc ./drivers/Src/stm32f411xx_spi_drivers.o
 .group         0x0000000000000000        0xc ./drivers/Src/stm32f411xx_spi_drivers.o
 .text          0x0000000000000000        0x0 ./drivers/Src/stm32f411xx_spi_drivers.o
 .data          0x0000000000000000        0x0 ./drivers/Src/stm32f411xx_spi_drivers.o
 .bss           0x0000000000000000        0x0 ./drivers/Src/stm32f411xx_spi_drivers.o
 .text.SPI_PeriClockcontrol
                0x0000000000000000      0x10c ./drivers/Src/stm32f411xx_spi_drivers.o
 .debug_info    0x0000000000000000      0x31a ./drivers/Src/stm32f411xx_spi_drivers.o
 .debug_abbrev  0x0000000000000000       0xba ./drivers/Src/stm32f411xx_spi_drivers.o
 .debug_aranges
                0x0000000000000000       0x20 ./drivers/Src/stm32f411xx_spi_drivers.o
 .debug_ranges  0x0000000000000000       0x10 ./drivers/Src/stm32f411xx_spi_drivers.o
 .debug_macro   0x0000000000000000       0x81 ./drivers/Src/stm32f411xx_spi_drivers.o
 .debug_macro   0x0000000000000000      0xa84 ./drivers/Src/stm32f411xx_spi_drivers.o
 .debug_macro   0x0000000000000000       0x22 ./drivers/Src/stm32f411xx_spi_drivers.o
 .debug_macro   0x0000000000000000       0x8e ./drivers/Src/stm32f411xx_spi_drivers.o
 .debug_macro   0x0000000000000000       0x51 ./drivers/Src/stm32f411xx_spi_drivers.o
 .debug_macro   0x0000000000000000      0x103 ./drivers/Src/stm32f411xx_spi_drivers.o
 .debug_macro   0x0000000000000000       0x6a ./drivers/Src/stm32f411xx_spi_drivers.o
 .debug_macro   0x0000000000000000      0x1df ./drivers/Src/stm32f411xx_spi_drivers.o
 .debug_macro   0x0000000000000000      0x2bd ./drivers/Src/stm32f411xx_spi_drivers.o
 .debug_macro   0x0000000000000000       0x28 ./drivers/Src/stm32f411xx_spi_drivers.o
 .debug_line    0x0000000000000000      0x497 ./drivers/Src/stm32f411xx_spi_drivers.o
 .debug_str     0x0000000000000000     0x5057 ./drivers/Src/stm32f411xx_spi_drivers.o
 .comment       0x0000000000000000       0x51 ./drivers/Src/stm32f411xx_spi_drivers.o
 .debug_frame   0x0000000000000000       0x38 ./drivers/Src/stm32f411xx_spi_drivers.o
 .ARM.attributes
                0x0000000000000000       0x34 ./drivers/Src/stm32f411xx_spi_drivers.o
 .text          0x0000000000000000        0x0 c:/st/stm32cubeide_1.12.1/stm32cubeide/plugins/com.st.stm32cube.ide.mcu.externaltools.gnu-tools-for-stm32.10.3-2021.10.win32_1.0.200.202301161003/tools/bin/../lib/gcc/arm-none-eabi/10.3.1/../../../../arm-none-eabi/lib/thumb/v7e-m+fp/hard\libc_nano.a(lib_a-exit.o)
 .data          0x0000000000000000        0x0 c:/st/stm32cubeide_1.12.1/stm32cubeide/plugins/com.st.stm32cube.ide.mcu.externaltools.gnu-tools-for-stm32.10.3-2021.10.win32_1.0.200.202301161003/tools/bin/../lib/gcc/arm-none-eabi/10.3.1/../../../../arm-none-eabi/lib/thumb/v7e-m+fp/hard\libc_nano.a(lib_a-exit.o)
 .bss           0x0000000000000000        0x0 c:/st/stm32cubeide_1.12.1/stm32cubeide/plugins/com.st.stm32cube.ide.mcu.externaltools.gnu-tools-for-stm32.10.3-2021.10.win32_1.0.200.202301161003/tools/bin/../lib/gcc/arm-none-eabi/10.3.1/../../../../arm-none-eabi/lib/thumb/v7e-m+fp/hard\libc_nano.a(lib_a-exit.o)
 .text.exit     0x0000000000000000       0x28 c:/st/stm32cubeide_1.12.1/stm32cubeide/plugins/com.st.stm32cube.ide.mcu.externaltools.gnu-tools-for-stm32.10.3-2021.10.win32_1.0.200.202301161003/tools/bin/../lib/gcc/arm-none-eabi/10.3.1/../../../../arm-none-eabi/lib/thumb/v7e-m+fp/hard\libc_nano.a(lib_a-exit.o)
 .debug_frame   0x0000000000000000       0x28 c:/st/stm32cubeide_1.12.1/stm32cubeide/plugins/com.st.stm32cube.ide.mcu.externaltools.gnu-tools-for-stm32.10.3-2021.10.win32_1.0.200.202301161003/tools/bin/../lib/gcc/arm-none-eabi/10.3.1/../../../../arm-none-eabi/lib/thumb/v7e-m+fp/hard\libc_nano.a(lib_a-exit.o)
 .ARM.attributes
                0x0000000000000000       0x34 c:/st/stm32cubeide_1.12.1/stm32cubeide/plugins/com.st.stm32cube.ide.mcu.externaltools.gnu-tools-for-stm32.10.3-2021.10.win32_1.0.200.202301161003/tools/bin/../lib/gcc/arm-none-eabi/10.3.1/../../../../arm-none-eabi/lib/thumb/v7e-m+fp/hard\libc_nano.a(lib_a-exit.o)
 .text          0x0000000000000000        0x0 c:/st/stm32cubeide_1.12.1/stm32cubeide/plugins/com.st.stm32cube.ide.mcu.externaltools.gnu-tools-for-stm32.10.3-2021.10.win32_1.0.200.202301161003/tools/bin/../lib/gcc/arm-none-eabi/10.3.1/../../../../arm-none-eabi/lib/thumb/v7e-m+fp/hard\libc_nano.a(lib_a-impure.o)
 .data          0x0000000000000000        0x0 c:/st/stm32cubeide_1.12.1/stm32cubeide/plugins/com.st.stm32cube.ide.mcu.externaltools.gnu-tools-for-stm32.10.3-2021.10.win32_1.0.200.202301161003/tools/bin/../lib/gcc/arm-none-eabi/10.3.1/../../../../arm-none-eabi/lib/thumb/v7e-m+fp/hard\libc_nano.a(lib_a-impure.o)
 .bss           0x0000000000000000        0x0 c:/st/stm32cubeide_1.12.1/stm32cubeide/plugins/com.st.stm32cube.ide.mcu.externaltools.gnu-tools-for-stm32.10.3-2021.10.win32_1.0.200.202301161003/tools/bin/../lib/gcc/arm-none-eabi/10.3.1/../../../../arm-none-eabi/lib/thumb/v7e-m+fp/hard\libc_nano.a(lib_a-impure.o)
 .data._impure_ptr
                0x0000000000000000        0x4 c:/st/stm32cubeide_1.12.1/stm32cubeide/plugins/com.st.stm32cube.ide.mcu.externaltools.gnu-tools-for-stm32.10.3-2021.10.win32_1.0.200.202301161003/tools/bin/../lib/gcc/arm-none-eabi/10.3.1/../../../../arm-none-eabi/lib/thumb/v7e-m+fp/hard\libc_nano.a(lib_a-impure.o)
 .data.impure_data
                0x0000000000000000       0x60 c:/st/stm32cubeide_1.12.1/stm32cubeide/plugins/com.st.stm32cube.ide.mcu.externaltools.gnu-tools-for-stm32.10.3-2021.10.win32_1.0.200.202301161003/tools/bin/../lib/gcc/arm-none-eabi/10.3.1/../../../../arm-none-eabi/lib/thumb/v7e-m+fp/hard\libc_nano.a(lib_a-impure.o)
 .rodata._global_impure_ptr
                0x0000000000000000        0x4 c:/st/stm32cubeide_1.12.1/stm32cubeide/plugins/com.st.stm32cube.ide.mcu.externaltools.gnu-tools-for-stm32.10.3-2021.10.win32_1.0.200.202301161003/tools/bin/../lib/gcc/arm-none-eabi/10.3.1/../../../../arm-none-eabi/lib/thumb/v7e-m+fp/hard\libc_nano.a(lib_a-impure.o)
 .ARM.attributes
                0x0000000000000000       0x34 c:/st/stm32cubeide_1.12.1/stm32cubeide/plugins/com.st.stm32cube.ide.mcu.externaltools.gnu-tools-for-stm32.10.3-2021.10.win32_1.0.200.202301161003/tools/bin/../lib/gcc/arm-none-eabi/10.3.1/../../../../arm-none-eabi/lib/thumb/v7e-m+fp/hard\libc_nano.a(lib_a-impure.o)
 .text          0x0000000000000000        0x0 c:/st/stm32cubeide_1.12.1/stm32cubeide/plugins/com.st.stm32cube.ide.mcu.externaltools.gnu-tools-for-stm32.10.3-2021.10.win32_1.0.200.202301161003/tools/bin/../lib/gcc/arm-none-eabi/10.3.1/../../../../arm-none-eabi/lib/thumb/v7e-m+fp/hard\libc_nano.a(lib_a-init.o)
 .data          0x0000000000000000        0x0 c:/st/stm32cubeide_1.12.1/stm32cubeide/plugins/com.st.stm32cube.ide.mcu.externaltools.gnu-tools-for-stm32.10.3-2021.10.win32_1.0.200.202301161003/tools/bin/../lib/gcc/arm-none-eabi/10.3.1/../../../../arm-none-eabi/lib/thumb/v7e-m+fp/hard\libc_nano.a(lib_a-init.o)
 .bss           0x0000000000000000        0x0 c:/st/stm32cubeide_1.12.1/stm32cubeide/plugins/com.st.stm32cube.ide.mcu.externaltools.gnu-tools-for-stm32.10.3-2021.10.win32_1.0.200.202301161003/tools/bin/../lib/gcc/arm-none-eabi/10.3.1/../../../../arm-none-eabi/lib/thumb/v7e-m+fp/hard\libc_nano.a(lib_a-init.o)
 .text          0x0000000000000000        0x0 c:/st/stm32cubeide_1.12.1/stm32cubeide/plugins/com.st.stm32cube.ide.mcu.externaltools.gnu-tools-for-stm32.10.3-2021.10.win32_1.0.200.202301161003/tools/bin/../lib/gcc/arm-none-eabi/10.3.1/../../../../arm-none-eabi/lib/thumb/v7e-m+fp/hard\libc_nano.a(lib_a-memset.o)
 .data          0x0000000000000000        0x0 c:/st/stm32cubeide_1.12.1/stm32cubeide/plugins/com.st.stm32cube.ide.mcu.externaltools.gnu-tools-for-stm32.10.3-2021.10.win32_1.0.200.202301161003/tools/bin/../lib/gcc/arm-none-eabi/10.3.1/../../../../arm-none-eabi/lib/thumb/v7e-m+fp/hard\libc_nano.a(lib_a-memset.o)
 .bss           0x0000000000000000        0x0 c:/st/stm32cubeide_1.12.1/stm32cubeide/plugins/com.st.stm32cube.ide.mcu.externaltools.gnu-tools-for-stm32.10.3-2021.10.win32_1.0.200.202301161003/tools/bin/../lib/gcc/arm-none-eabi/10.3.1/../../../../arm-none-eabi/lib/thumb/v7e-m+fp/hard\libc_nano.a(lib_a-memset.o)
 .text          0x0000000000000000        0x0 c:/st/stm32cubeide_1.12.1/stm32cubeide/plugins/com.st.stm32cube.ide.mcu.externaltools.gnu-tools-for-stm32.10.3-2021.10.win32_1.0.200.202301161003/tools/bin/../lib/gcc/arm-none-eabi/10.3.1/../../../../arm-none-eabi/lib/thumb/v7e-m+fp/hard\libnosys.a(_exit.o)
 .data          0x0000000000000000        0x0 c:/st/stm32cubeide_1.12.1/stm32cubeide/plugins/com.st.stm32cube.ide.mcu.externaltools.gnu-tools-for-stm32.10.3-2021.10.win32_1.0.200.202301161003/tools/bin/../lib/gcc/arm-none-eabi/10.3.1/../../../../arm-none-eabi/lib/thumb/v7e-m+fp/hard\libnosys.a(_exit.o)
 .bss           0x0000000000000000        0x0 c:/st/stm32cubeide_1.12.1/stm32cubeide/plugins/com.st.stm32cube.ide.mcu.externaltools.gnu-tools-for-stm32.10.3-2021.10.win32_1.0.200.202301161003/tools/bin/../lib/gcc/arm-none-eabi/10.3.1/../../../../arm-none-eabi/lib/thumb/v7e-m+fp/hard\libnosys.a(_exit.o)
 .text._exit    0x0000000000000000        0x2 c:/st/stm32cubeide_1.12.1/stm32cubeide/plugins/com.st.stm32cube.ide.mcu.externaltools.gnu-tools-for-stm32.10.3-2021.10.win32_1.0.200.202301161003/tools/bin/../lib/gcc/arm-none-eabi/10.3.1/../../../../arm-none-eabi/lib/thumb/v7e-m+fp/hard\libnosys.a(_exit.o)
 .debug_frame   0x0000000000000000       0x20 c:/st/stm32cubeide_1.12.1/stm32cubeide/plugins/com.st.stm32cube.ide.mcu.externaltools.gnu-tools-for-stm32.10.3-2021.10.win32_1.0.200.202301161003/tools/bin/../lib/gcc/arm-none-eabi/10.3.1/../../../../arm-none-eabi/lib/thumb/v7e-m+fp/hard\libnosys.a(_exit.o)
 .ARM.attributes
                0x0000000000000000       0x34 c:/st/stm32cubeide_1.12.1/stm32cubeide/plugins/com.st.stm32cube.ide.mcu.externaltools.gnu-tools-for-stm32.10.3-2021.10.win32_1.0.200.202301161003/tools/bin/../lib/gcc/arm-none-eabi/10.3.1/../../../../arm-none-eabi/lib/thumb/v7e-m+fp/hard\libnosys.a(_exit.o)
 .text          0x0000000000000000        0x0 c:/st/stm32cubeide_1.12.1/stm32cubeide/plugins/com.st.stm32cube.ide.mcu.externaltools.gnu-tools-for-stm32.10.3-2021.10.win32_1.0.200.202301161003/tools/bin/../lib/gcc/arm-none-eabi/10.3.1/thumb/v7e-m+fp/hard/crtend.o
 .data          0x0000000000000000        0x0 c:/st/stm32cubeide_1.12.1/stm32cubeide/plugins/com.st.stm32cube.ide.mcu.externaltools.gnu-tools-for-stm32.10.3-2021.10.win32_1.0.200.202301161003/tools/bin/../lib/gcc/arm-none-eabi/10.3.1/thumb/v7e-m+fp/hard/crtend.o
 .bss           0x0000000000000000        0x0 c:/st/stm32cubeide_1.12.1/stm32cubeide/plugins/com.st.stm32cube.ide.mcu.externaltools.gnu-tools-for-stm32.10.3-2021.10.win32_1.0.200.202301161003/tools/bin/../lib/gcc/arm-none-eabi/10.3.1/thumb/v7e-m+fp/hard/crtend.o
 .rodata        0x0000000000000000       0x24 c:/st/stm32cubeide_1.12.1/stm32cubeide/plugins/com.st.stm32cube.ide.mcu.externaltools.gnu-tools-for-stm32.10.3-2021.10.win32_1.0.200.202301161003/tools/bin/../lib/gcc/arm-none-eabi/10.3.1/thumb/v7e-m+fp/hard/crtend.o
 .eh_frame      0x0000000000000000        0x4 c:/st/stm32cubeide_1.12.1/stm32cubeide/plugins/com.st.stm32cube.ide.mcu.externaltools.gnu-tools-for-stm32.10.3-2021.10.win32_1.0.200.202301161003/tools/bin/../lib/gcc/arm-none-eabi/10.3.1/thumb/v7e-m+fp/hard/crtend.o
 .ARM.attributes
                0x0000000000000000       0x34 c:/st/stm32cubeide_1.12.1/stm32cubeide/plugins/com.st.stm32cube.ide.mcu.externaltools.gnu-tools-for-stm32.10.3-2021.10.win32_1.0.200.202301161003/tools/bin/../lib/gcc/arm-none-eabi/10.3.1/thumb/v7e-m+fp/hard/crtend.o
 .text          0x0000000000000000        0x0 c:/st/stm32cubeide_1.12.1/stm32cubeide/plugins/com.st.stm32cube.ide.mcu.externaltools.gnu-tools-for-stm32.10.3-2021.10.win32_1.0.200.202301161003/tools/bin/../lib/gcc/arm-none-eabi/10.3.1/thumb/v7e-m+fp/hard/crtn.o
 .data          0x0000000000000000        0x0 c:/st/stm32cubeide_1.12.1/stm32cubeide/plugins/com.st.stm32cube.ide.mcu.externaltools.gnu-tools-for-stm32.10.3-2021.10.win32_1.0.200.202301161003/tools/bin/../lib/gcc/arm-none-eabi/10.3.1/thumb/v7e-m+fp/hard/crtn.o
 .bss           0x0000000000000000        0x0 c:/st/stm32cubeide_1.12.1/stm32cubeide/plugins/com.st.stm32cube.ide.mcu.externaltools.gnu-tools-for-stm32.10.3-2021.10.win32_1.0.200.202301161003/tools/bin/../lib/gcc/arm-none-eabi/10.3.1/thumb/v7e-m+fp/hard/crtn.o

Memory Configuration

Name             Origin             Length             Attributes
RAM              0x0000000020000000 0x0000000000020000 xrw
FLASH            0x0000000008000000 0x0000000000080000 xr
*default*        0x0000000000000000 0xffffffffffffffff

Linker script and memory map

LOAD c:/st/stm32cubeide_1.12.1/stm32cubeide/plugins/com.st.stm32cube.ide.mcu.externaltools.gnu-tools-for-stm32.10.3-2021.10.win32_1.0.200.202301161003/tools/bin/../lib/gcc/arm-none-eabi/10.3.1/thumb/v7e-m+fp/hard/crti.o
LOAD c:/st/stm32cubeide_1.12.1/stm32cubeide/plugins/com.st.stm32cube.ide.mcu.externaltools.gnu-tools-for-stm32.10.3-2021.10.win32_1.0.200.202301161003/tools/bin/../lib/gcc/arm-none-eabi/10.3.1/thumb/v7e-m+fp/hard/crtbegin.o
LOAD c:/st/stm32cubeide_1.12.1/stm32cubeide/plugins/com.st.stm32cube.ide.mcu.externaltools.gnu-tools-for-stm32.10.3-2021.10.win32_1.0.200.202301161003/tools/bin/../lib/gcc/arm-none-eabi/10.3.1/../../../../arm-none-eabi/lib/thumb/v7e-m+fp/hard/crt0.o
LOAD ./Src/003button_interrupt.o
LOAD ./Startup/startup_stm32f411vetx.o
LOAD ./drivers/Src/stm32f411xx_gpio_driver.o
LOAD ./drivers/Src/stm32f411xx_spi_drivers.o
START GROUP
LOAD c:/st/stm32cubeide_1.12.1/stm32cubeide/plugins/com.st.stm32cube.ide.mcu.externaltools.gnu-tools-for-stm32.10.3-2021.10.win32_1.0.200.202301161003/tools/bin/../lib/gcc/arm-none-eabi/10.3.1/../../../../arm-none-eabi/lib/thumb/v7e-m+fp/hard\libc_nano.a
LOAD c:/st/stm32cubeide_1.12.1/stm32cubeide/plugins/com.st.stm32cube.ide.mcu.externaltools.gnu-tools-for-stm32.10.3-2021.10.win32_1.0.200.202301161003/tools/bin/../lib/gcc/arm-none-eabi/10.3.1/../../../../arm-none-eabi/lib/thumb/v7e-m+fp/hard\libm.a
END GROUP
START GROUP
LOAD c:/st/stm32cubeide_1.12.1/stm32cubeide/plugins/com.st.stm32cube.ide.mcu.externaltools.gnu-tools-for-stm32.10.3-2021.10.win32_1.0.200.202301161003/tools/bin/../lib/gcc/arm-none-eabi/10.3.1/thumb/v7e-m+fp/hard\libgcc.a
LOAD c:/st/stm32cubeide_1.12.1/stm32cubeide/plugins/com.st.stm32cube.ide.mcu.externaltools.gnu-tools-for-stm32.10.3-2021.10.win32_1.0.200.202301161003/tools/bin/../lib/gcc/arm-none-eabi/10.3.1/../../../../arm-none-eabi/lib/thumb/v7e-m+fp/hard\libc_nano.a
END GROUP
START GROUP
LOAD c:/st/stm32cubeide_1.12.1/stm32cubeide/plugins/com.st.stm32cube.ide.mcu.externaltools.gnu-tools-for-stm32.10.3-2021.10.win32_1.0.200.202301161003/tools/bin/../lib/gcc/arm-none-eabi/10.3.1/thumb/v7e-m+fp/hard\libgcc.a
LOAD c:/st/stm32cubeide_1.12.1/stm32cubeide/plugins/com.st.stm32cube.ide.mcu.externaltools.gnu-tools-for-stm32.10.3-2021.10.win32_1.0.200.202301161003/tools/bin/../lib/gcc/arm-none-eabi/10.3.1/../../../../arm-none-eabi/lib/thumb/v7e-m+fp/hard\libc_nano.a
LOAD c:/st/stm32cubeide_1.12.1/stm32cubeide/plugins/com.st.stm32cube.ide.mcu.externaltools.gnu-tools-for-stm32.10.3-2021.10.win32_1.0.200.202301161003/tools/bin/../lib/gcc/arm-none-eabi/10.3.1/../../../../arm-none-eabi/lib/thumb/v7e-m+fp/hard\libnosys.a
END GROUP
START GROUP
LOAD c:/st/stm32cubeide_1.12.1/stm32cubeide/plugins/com.st.stm32cube.ide.mcu.externaltools.gnu-tools-for-stm32.10.3-2021.10.win32_1.0.200.202301161003/tools/bin/../lib/gcc/arm-none-eabi/10.3.1/thumb/v7e-m+fp/hard\libgcc.a
LOAD c:/st/stm32cubeide_1.12.1/stm32cubeide/plugins/com.st.stm32cube.ide.mcu.externaltools.gnu-tools-for-stm32.10.3-2021.10.win32_1.0.200.202301161003/tools/bin/../lib/gcc/arm-none-eabi/10.3.1/../../../../arm-none-eabi/lib/thumb/v7e-m+fp/hard\libc_nano.a
LOAD c:/st/stm32cubeide_1.12.1/stm32cubeide/plugins/com.st.stm32cube.ide.mcu.externaltools.gnu-tools-for-stm32.10.3-2021.10.win32_1.0.200.202301161003/tools/bin/../lib/gcc/arm-none-eabi/10.3.1/../../../../arm-none-eabi/lib/thumb/v7e-m+fp/hard\libnosys.a
END GROUP
LOAD c:/st/stm32cubeide_1.12.1/stm32cubeide/plugins/com.st.stm32cube.ide.mcu.externaltools.gnu-tools-for-stm32.10.3-2021.10.win32_1.0.200.202301161003/tools/bin/../lib/gcc/arm-none-eabi/10.3.1/thumb/v7e-m+fp/hard/crtend.o
LOAD c:/st/stm32cubeide_1.12.1/stm32cubeide/plugins/com.st.stm32cube.ide.mcu.externaltools.gnu-tools-for-stm32.10.3-2021.10.win32_1.0.200.202301161003/tools/bin/../lib/gcc/arm-none-eabi/10.3.1/thumb/v7e-m+fp/hard/crtn.o
                0x0000000020020000                _estack = (ORIGIN (RAM) + LENGTH (RAM))
                0x0000000000000200                _Min_Heap_Size = 0x200
                0x0000000000000400                _Min_Stack_Size = 0x400

.isr_vector     0x0000000008000000      0x198
                0x0000000008000000                . = ALIGN (0x4)
 *(.isr_vector)
 .isr_vector    0x0000000008000000      0x198 ./Startup/startup_stm32f411vetx.o
                0x0000000008000000                g_pfnVectors
                0x0000000008000198                . = ALIGN (0x4)

.text           0x0000000008000198      0x738
                0x0000000008000198                . = ALIGN (0x4)
 *(.text)
 .text          0x0000000008000198       0x40 c:/st/stm32cubeide_1.12.1/stm32cubeide/plugins/com.st.stm32cube.ide.mcu.externaltools.gnu-tools-for-stm32.10.3-2021.10.win32_1.0.200.202301161003/tools/bin/../lib/gcc/arm-none-eabi/10.3.1/thumb/v7e-m+fp/hard/crtbegin.o
 *(.text*)
 .text.delay    0x00000000080001d8       0x2c ./Src/003button_interrupt.o
                0x00000000080001d8                delay
 .text.main     0x0000000008000204       0x88 ./Src/003button_interrupt.o
                0x0000000008000204                main
 .text.EXTI0_IRQHandler
                0x000000000800028c       0x20 ./Src/003button_interrupt.o
                0x000000000800028c                EXTI0_IRQHandler
 .text.Reset_Handler
                0x00000000080002ac       0x50 ./Startup/startup_stm32f411vetx.o
                0x00000000080002ac                Reset_Handler
 .text.Default_Handler
                0x00000000080002fc        0x2 ./Startup/startup_stm32f411vetx.o
                0x00000000080002fc                RTC_Alarm_IRQHandler
                0x00000000080002fc                EXTI2_IRQHandler
                0x00000000080002fc                DebugMon_Handler
                0x00000000080002fc                SPI4_IRQHandler
                0x00000000080002fc                TIM1_CC_IRQHandler
                0x00000000080002fc                DMA2_Stream5_IRQHandler
                0x00000000080002fc                HardFault_Handler
                0x00000000080002fc                DMA1_Stream5_IRQHandler
                0x00000000080002fc                SysTick_Handler
                0x00000000080002fc                PVD_IRQHandler
                0x00000000080002fc                SDIO_IRQHandler
                0x00000000080002fc                TAMP_STAMP_IRQHandler
                0x00000000080002fc                PendSV_Handler
                0x00000000080002fc                NMI_Handler
                0x00000000080002fc                EXTI3_IRQHandler
                0x00000000080002fc                TIM1_UP_TIM10_IRQHandler
                0x00000000080002fc                I2C3_ER_IRQHandler
                0x00000000080002fc                I2C2_EV_IRQHandler
                0x00000000080002fc                DMA1_Stream2_IRQHandler
                0x00000000080002fc                UsageFault_Handler
                0x00000000080002fc                DMA2_Stream2_IRQHandler
                0x00000000080002fc                SPI1_IRQHandler
                0x00000000080002fc                TIM1_BRK_TIM9_IRQHandler
                0x00000000080002fc                DMA2_Stream3_IRQHandler
                0x00000000080002fc                USART6_IRQHandler
                0x00000000080002fc                DMA2_Stream0_IRQHandler
                0x00000000080002fc                TIM4_IRQHandler
                0x00000000080002fc                I2C1_EV_IRQHandler
                0x00000000080002fc                DMA1_Stream6_IRQHandler
                0x00000000080002fc                DMA1_Stream1_IRQHandler
                0x00000000080002fc                TIM3_IRQHandler
                0x00000000080002fc                RCC_IRQHandler
                0x00000000080002fc                Default_Handler
                0x00000000080002fc                EXTI15_10_IRQHandler
                0x00000000080002fc                ADC_IRQHandler
                0x00000000080002fc                DMA1_Stream7_IRQHandler
                0x00000000080002fc                SPI5_IRQHandler
                0x00000000080002fc                TIM5_IRQHandler
                0x00000000080002fc                DMA2_Stream7_IRQHandler
                0x00000000080002fc                I2C3_EV_IRQHandler
                0x00000000080002fc                EXTI9_5_IRQHandler
                0x00000000080002fc                RTC_WKUP_IRQHandler
                0x00000000080002fc                SPI2_IRQHandler
                0x00000000080002fc                MemManage_Handler
                0x00000000080002fc                DMA1_Stream0_IRQHandler
                0x00000000080002fc                SVC_Handler
                0x00000000080002fc                EXTI4_IRQHandler
                0x00000000080002fc                WWDG_IRQHandler
                0x00000000080002fc                TIM2_IRQHandler
                0x00000000080002fc                OTG_FS_WKUP_IRQHandler
                0x00000000080002fc                TIM1_TRG_COM_TIM11_IRQHandler
                0x00000000080002fc                EXTI1_IRQHandler
                0x00000000080002fc                USART2_IRQHandler
                0x00000000080002fc                I2C2_ER_IRQHandler
                0x00000000080002fc                DMA2_Stream1_IRQHandler
                0x00000000080002fc                FLASH_IRQHandler
                0x00000000080002fc                DMA2_Stream4_IRQHandler
                0x00000000080002fc                BusFault_Handler
                0x00000000080002fc                USART1_IRQHandler
                0x00000000080002fc                OTG_FS_IRQHandler
                0x00000000080002fc                SPI3_IRQHandler
                0x00000000080002fc                DMA1_Stream4_IRQHandler
                0x00000000080002fc                I2C1_ER_IRQHandler
                0x00000000080002fc                DMA2_Stream6_IRQHandler
                0x00000000080002fc                DMA1_Stream3_IRQHandler
 *fill*         0x00000000080002fe        0x2 
 .text.GPIO_PeriClockcontrol
                0x0000000008000300      0x140 ./drivers/Src/stm32f411xx_gpio_driver.o
                0x0000000008000300                GPIO_PeriClockcontrol
 .text.GPIO_Init
                0x0000000008000440      0x250 ./drivers/Src/stm32f411xx_gpio_driver.o
                0x0000000008000440                GPIO_Init
 .text.GPIO_ToggleOutputPin
                0x0000000008000690       0x2a ./drivers/Src/stm32f411xx_gpio_driver.o
                0x0000000008000690                GPIO_ToggleOutputPin
 *fill*         0x00000000080006ba        0x2 
 .text.GPIO_IRQConfig
                0x00000000080006bc      0x10c ./drivers/Src/stm32f411xx_gpio_driver.o
                0x00000000080006bc                GPIO_IRQConfig
 .text.GPIO_IRQPriorityConfig
                0x00000000080007c8       0x54 ./drivers/Src/stm32f411xx_gpio_driver.o
                0x00000000080007c8                GPIO_IRQPriorityConfig
 .text.GPIO_IRQHandling
                0x000000000800081c       0x44 ./drivers/Src/stm32f411xx_gpio_driver.o
                0x000000000800081c                GPIO_IRQHandling
 .text.__libc_init_array
                0x0000000008000860       0x48 c:/st/stm32cubeide_1.12.1/stm32cubeide/plugins/com.st.stm32cube.ide.mcu.externaltools.gnu-tools-for-stm32.10.3-2021.10.win32_1.0.200.202301161003/tools/bin/../lib/gcc/arm-none-eabi/10.3.1/../../../../arm-none-eabi/lib/thumb/v7e-m+fp/hard\libc_nano.a(lib_a-init.o)
                0x0000000008000860                __libc_init_array
 .text.memset   0x00000000080008a8       0x10 c:/st/stm32cubeide_1.12.1/stm32cubeide/plugins/com.st.stm32cube.ide.mcu.externaltools.gnu-tools-for-stm32.10.3-2021.10.win32_1.0.200.202301161003/tools/bin/../lib/gcc/arm-none-eabi/10.3.1/../../../../arm-none-eabi/lib/thumb/v7e-m+fp/hard\libc_nano.a(lib_a-memset.o)
                0x00000000080008a8                memset
 *(.glue_7)
 .glue_7        0x00000000080008b8        0x0 linker stubs
 *(.glue_7t)
 .glue_7t       0x00000000080008b8        0x0 linker stubs
 *(.eh_frame)
 .eh_frame      0x00000000080008b8        0x0 c:/st/stm32cubeide_1.12.1/stm32cubeide/plugins/com.st.stm32cube.ide.mcu.externaltools.gnu-tools-for-stm32.10.3-2021.10.win32_1.0.200.202301161003/tools/bin/../lib/gcc/arm-none-eabi/10.3.1/thumb/v7e-m+fp/hard/crtbegin.o
 *(.init)
 .init          0x00000000080008b8        0x4 c:/st/stm32cubeide_1.12.1/stm32cubeide/plugins/com.st.stm32cube.ide.mcu.externaltools.gnu-tools-for-stm32.10.3-2021.10.win32_1.0.200.202301161003/tools/bin/../lib/gcc/arm-none-eabi/10.3.1/thumb/v7e-m+fp/hard/crti.o
                0x00000000080008b8                _init
 .init          0x00000000080008bc        0x8 c:/st/stm32cubeide_1.12.1/stm32cubeide/plugins/com.st.stm32cube.ide.mcu.externaltools.gnu-tools-for-stm32.10.3-2021.10.win32_1.0.200.202301161003/tools/bin/../lib/gcc/arm-none-eabi/10.3.1/thumb/v7e-m+fp/hard/crtn.o
 *(.fini)
 .fini          0x00000000080008c4        0x4 c:/st/stm32cubeide_1.12.1/stm32cubeide/plugins/com.st.stm32cube.ide.mcu.externaltools.gnu-tools-for-stm32.10.3-2021.10.win32_1.0.200.202301161003/tools/bin/../lib/gcc/arm-none-eabi/10.3.1/thumb/v7e-m+fp/hard/crti.o
                0x00000000080008c4                _fini
 .fini          0x00000000080008c8        0x8 c:/st/stm32cubeide_1.12.1/stm32cubeide/plugins/com.st.stm32cube.ide.mcu.externaltools.gnu-tools-for-stm32.10.3-2021.10.win32_1.0.200.202301161003/tools/bin/../lib/gcc/arm-none-eabi/10.3.1/thumb/v7e-m+fp/hard/crtn.o
                0x00000000080008d0                . = ALIGN (0x4)
                0x00000000080008d0                _etext = .

.vfp11_veneer   0x00000000080008d0        0x0
 .vfp11_veneer  0x00000000080008d0        0x0 linker stubs

.v4_bx          0x00000000080008d0        0x0
 .v4_bx         0x00000000080008d0        0x0 linker stubs

.iplt           0x00000000080008d0        0x0
 .iplt          0x00000000080008d0        0x0 c:/st/stm32cubeide_1.12.1/stm32cubeide/plugins/com.st.stm32cube.ide.mcu.externaltools.gnu-tools-for-stm32.10.3-2021.10.win32_1.0.200.202301161003/tools/bin/../lib/gcc/arm-none-eabi/10.3.1/thumb/v7e-m+fp/hard/crtbegin.o

.rel.dyn        0x00000000080008d0        0x0
 .rel.iplt      0x00000000080008d0        0x0 c:/st/stm32cubeide_1.12.1/stm32cubeide/plugins/com.st.stm32cube.ide.mcu.externaltools.gnu-tools-for-stm32.10.3-2021.10.win32_1.0.200.202301161003/tools/bin/../lib/gcc/arm-none-eabi/10.3.1/thumb/v7e-m+fp/hard/crtbegin.o

.rodata         0x00000000080008d0        0x0
                0x00000000080008d0                . = ALIGN (0x4)
 *(.rodata)
 *(.rodata*)
                0x00000000080008d0                . = ALIGN (0x4)

.ARM.extab      0x00000000080008d0        0x0
                0x00000000080008d0                . = ALIGN (0x4)
 *(.ARM.extab* .gnu.linkonce.armextab.*)
                0x00000000080008d0                . = ALIGN (0x4)

.ARM            0x00000000080008d0        0x0
                0x00000000080008d0                . = ALIGN (0x4)
                0x00000000080008d0                __exidx_start = .
 *(.ARM.exidx*)
                0x00000000080008d0                __exidx_end = .
                0x00000000080008d0                . = ALIGN (0x4)

.preinit_array  0x00000000080008d0        0x0
                0x00000000080008d0                . = ALIGN (0x4)
                0x00000000080008d0                PROVIDE (__preinit_array_start = .)
 *(.preinit_array*)
                0x00000000080008d0                PROVIDE (__preinit_array_end = .)
                0x00000000080008d0                . = ALIGN (0x4)

.init_array     0x00000000080008d0        0x4
                0x00000000080008d0                . = ALIGN (0x4)
                0x00000000080008d0                PROVIDE (__init_array_start = .)
 *(SORT_BY_NAME(.init_array.*))
 *(.init_array*)
 .init_array    0x00000000080008d0        0x4 c:/st/stm32cubeide_1.12.1/stm32cubeide/plugins/com.st.stm32cube.ide.mcu.externaltools.gnu-tools-for-stm32.10.3-2021.10.win32_1.0.200.202301161003/tools/bin/../lib/gcc/arm-none-eabi/10.3.1/thumb/v7e-m+fp/hard/crtbegin.o
                0x00000000080008d4                PROVIDE (__init_array_end = .)
                0x00000000080008d4                . = ALIGN (0x4)

.fini_array     0x00000000080008d4        0x4
                0x00000000080008d4                . = ALIGN (0x4)
                [!provide]                        PROVIDE (__fini_array_start = .)
 *(SORT_BY_NAME(.fini_array.*))
 *(.fini_array*)
 .fini_array    0x00000000080008d4        0x4 c:/st/stm32cubeide_1.12.1/stm32cubeide/plugins/com.st.stm32cube.ide.mcu.externaltools.gnu-tools-for-stm32.10.3-2021.10.win32_1.0.200.202301161003/tools/bin/../lib/gcc/arm-none-eabi/10.3.1/thumb/v7e-m+fp/hard/crtbegin.o
                [!provide]                        PROVIDE (__fini_array_end = .)
                0x00000000080008d8                . = ALIGN (0x4)
                0x00000000080008d8                _sidata = LOADADDR (.data)

.data           0x0000000020000000        0x0 load address 0x00000000080008d8
                0x0000000020000000                . = ALIGN (0x4)
                0x0000000020000000                _sdata = .
 *(.data)
 *(.data*)
 *(.RamFunc)
 *(.RamFunc*)
                0x0000000020000000                . = ALIGN (0x4)
                0x0000000020000000                _edata = .

.igot.plt       0x0000000020000000        0x0 load address 0x00000000080008d8
 .igot.plt      0x0000000020000000        0x0 c:/st/stm32cubeide_1.12.1/stm32cubeide/plugins/com.st.stm32cube.ide.mcu.externaltools.gnu-tools-for-stm32.10.3-2021.10.win32_1.0.200.202301161003/tools/bin/../lib/gcc/arm-none-eabi/10.3.1/thumb/v7e-m+fp/hard/crtbegin.o
                0x0000000020000000                . = ALIGN (0x4)

.bss            0x0000000020000000       0x1c load address 0x00000000080008d8
                0x0000000020000000                _sbss = .
                0x0000000020000000                __bss_start__ = _sbss
 *(.bss)
 .bss           0x0000000020000000       0x1c c:/st/stm32cubeide_1.12.1/stm32cubeide/plugins/com.st.stm32cube.ide.mcu.externaltools.gnu-tools-for-stm32.10.3-2021.10.win32_1.0.200.202301161003/tools/bin/../lib/gcc/arm-none-eabi/10.3.1/thumb/v7e-m+fp/hard/crtbegin.o
 *(.bss*)
 *(COMMON)
                0x000000002000001c                . = ALIGN (0x4)
                0x000000002000001c                _ebss = .
                0x000000002000001c                __bss_end__ = _ebss

._user_heap_stack
                0x000000002000001c      0x604 load address 0x00000000080008d8
                0x0000000020000020                . = ALIGN (0x8)
 *fill*         0x000000002000001c        0x4 
                [!provide]                        PROVIDE (end = .)
                [!provide]                        PROVIDE (_end = .)
                0x0000000020000220                . = (. + _Min_Heap_Size)
 *fill*         0x0000000020000020      0x200 
                0x0000000020000620                . = (. + _Min_Stack_Size)
 *fill*         0x0000000020000220      0x400 
                0x0000000020000620                . = ALIGN (0x8)

/DISCARD/
 libc.a(*)
 libm.a(*)
 libgcc.a(*)

.ARM.attributes
                0x0000000000000000       0x30
 *(.ARM.attributes)
 .ARM.attributes
                0x0000000000000000       0x1e c:/st/stm32cubeide_1.12.1/stm32cubeide/plugins/com.st.stm32cube.ide.mcu.externaltools.gnu-tools-for-stm32.10.3-2021.10.win32_1.0.200.202301161003/tools/bin/../lib/gcc/arm-none-eabi/10.3.1/thumb/v7e-m+fp/hard/crti.o
 .ARM.attributes
                0x000000000000001e       0x34 c:/st/stm32cubeide_1.12.1/stm32cubeide/plugins/com.st.stm32cube.ide.mcu.externaltools.gnu-tools-for-stm32.10.3-2021.10.win32_1.0.200.202301161003/tools/bin/../lib/gcc/arm-none-eabi/10.3.1/thumb/v7e-m+fp/hard/crtbegin.o
 .ARM.attributes
                0x0000000000000052       0x34 ./Src/003button_interrupt.o
 .ARM.attributes
                0x0000000000000086       0x21 ./Startup/startup_stm32f411vetx.o
 .ARM.attributes
                0x00000000000000a7       0x34 ./drivers/Src/stm32f411xx_gpio_driver.o
 .ARM.attributes
                0x00000000000000db       0x34 c:/st/stm32cubeide_1.12.1/stm32cubeide/plugins/com.st.stm32cube.ide.mcu.externaltools.gnu-tools-for-stm32.10.3-2021.10.win32_1.0.200.202301161003/tools/bin/../lib/gcc/arm-none-eabi/10.3.1/../../../../arm-none-eabi/lib/thumb/v7e-m+fp/hard\libc_nano.a(lib_a-init.o)
 .ARM.attributes
                0x000000000000010f       0x34 c:/st/stm32cubeide_1.12.1/stm32cubeide/plugins/com.st.stm32cube.ide.mcu.externaltools.gnu-tools-for-stm32.10.3-2021.10.win32_1.0.200.202301161003/tools/bin/../lib/gcc/arm-none-eabi/10.3.1/../../../../arm-none-eabi/lib/thumb/v7e-m+fp/hard\libc_nano.a(lib_a-memset.o)
 .ARM.attributes
                0x0000000000000143       0x1e c:/st/stm32cubeide_1.12.1/stm32cubeide/plugins/com.st.stm32cube.ide.mcu.externaltools.gnu-tools-for-stm32.10.3-2021.10.win32_1.0.200.202301161003/tools/bin/../lib/gcc/arm-none-eabi/10.3.1/thumb/v7e-m+fp/hard/crtn.o
OUTPUT(stm32f411_drivers.elf elf32-littlearm)
LOAD linker stubs
LOAD c:/st/stm32cubeide_1.12.1/stm32cubeide/plugins/com.st.stm32cube.ide.mcu.externaltools.gnu-tools-for-stm32.10.3-2021.10.win32_1.0.200.202301161003/tools/bin/../lib/gcc/arm-none-eabi/10.3.1/../../../../arm-none-eabi/lib/thumb/v7e-m+fp/hard\libc.a
LOAD c:/st/stm32cubeide_1.12.1/stm32cubeide/plugins/com.st.stm32cube.ide.mcu.externaltools.gnu-tools-for-stm32.10.3-2021.10.win32_1.0.200.202301161003/tools/bin/../lib/gcc/arm-none-eabi/10.3.1/../../../../arm-none-eabi/lib/thumb/v7e-m+fp/hard\libm.a
LOAD c:/st/stm32cubeide_1.12.1/stm32cubeide/plugins/com.st.stm32cube.ide.mcu.externaltools.gnu-tools-for-stm32.10.3-2021.10.win32_1.0.200.202301161003/tools/bin/../lib/gcc/arm-none-eabi/10.3.1/thumb/v7e-m+fp/hard\libgcc.a

.debug_info     0x0000000000000000      0xa0e
 .debug_info    0x0000000000000000      0x32e ./Src/003button_interrupt.o
 .debug_info    0x000000000000032e       0x22 ./Startup/startup_stm32f411vetx.o
 .debug_info    0x0000000000000350      0x6be ./drivers/Src/stm32f411xx_gpio_driver.o

.debug_abbrev   0x0000000000000000      0x2a4
 .debug_abbrev  0x0000000000000000      0x146 ./Src/003button_interrupt.o
 .debug_abbrev  0x0000000000000146       0x12 ./Startup/startup_stm32f411vetx.o
 .debug_abbrev  0x0000000000000158      0x14c ./drivers/Src/stm32f411xx_gpio_driver.o

.debug_aranges  0x0000000000000000       0xc8
 .debug_aranges
                0x0000000000000000       0x30 ./Src/003button_interrupt.o
 .debug_aranges
                0x0000000000000030       0x28 ./Startup/startup_stm32f411vetx.o
 .debug_aranges
                0x0000000000000058       0x70 ./drivers/Src/stm32f411xx_gpio_driver.o

.debug_ranges   0x0000000000000000       0xa0
 .debug_ranges  0x0000000000000000       0x20 ./Src/003button_interrupt.o
 .debug_ranges  0x0000000000000020       0x20 ./Startup/startup_stm32f411vetx.o
 .debug_ranges  0x0000000000000040       0x60 ./drivers/Src/stm32f411xx_gpio_driver.o

.debug_macro    0x0000000000000000     0x1cd1
 .debug_macro   0x0000000000000000      0x158 ./Src/003button_interrupt.o
 .debug_macro   0x0000000000000158      0xa84 ./Src/003button_interrupt.o
 .debug_macro   0x0000000000000bdc       0x22 ./Src/003button_interrupt.o
 .debug_macro   0x0000000000000bfe       0x8e ./Src/003button_interrupt.o
 .debug_macro   0x0000000000000c8c       0x51 ./Src/003button_interrupt.o
 .debug_macro   0x0000000000000cdd      0x103 ./Src/003button_interrupt.o
 .debug_macro   0x0000000000000de0       0x6a ./Src/003button_interrupt.o
 .debug_macro   0x0000000000000e4a      0x1df ./Src/003button_interrupt.o
 .debug_macro   0x0000000000001029      0x2bd ./Src/003button_interrupt.o
 .debug_macro   0x00000000000012e6       0xc4 ./Src/003button_interrupt.o
 .debug_macro   0x00000000000013aa       0x52 ./Src/003button_interrupt.o
 .debug_macro   0x00000000000013fc       0x1e ./Src/003button_interrupt.o
 .debug_macro   0x000000000000141a       0x3c ./Src/003button_interrupt.o
 .debug_macro   0x0000000000001456       0x34 ./Src/003button_interrupt.o
 .debug_macro   0x000000000000148a      0x174 ./Src/003button_interrupt.o
 .debug_macro   0x00000000000015fe       0x16 ./Src/003button_interrupt.o
 .debug_macro   0x0000000000001614       0x43 ./Src/003button_interrupt.o
 .debug_macro   0x0000000000001657       0x34 ./Src/003button_interrupt.o
 .debug_macro   0x000000000000168b       0x10 ./Src/003button_interrupt.o
 .debug_macro   0x000000000000169b       0x58 ./Src/003button_interrupt.o
 .debug_macro   0x00000000000016f3       0x71 ./Src/003button_interrupt.o
 .debug_macro   0x0000000000001764       0x1c ./Src/003button_interrupt.o
 .debug_macro   0x0000000000001780      0x12a ./Src/003button_interrupt.o
 .debug_macro   0x00000000000018aa      0x341 ./Src/003button_interrupt.o
 .debug_macro   0x0000000000001beb       0x10 ./Src/003button_interrupt.o
 .debug_macro   0x0000000000001bfb       0x35 ./Src/003button_interrupt.o
 .debug_macro   0x0000000000001c30       0x20 ./Src/003button_interrupt.o
 .debug_macro   0x0000000000001c50       0x81 ./drivers/Src/stm32f411xx_gpio_driver.o

.debug_line     0x0000000000000000      0xe9e
 .debug_line    0x0000000000000000      0x5f3 ./Src/003button_interrupt.o
 .debug_line    0x00000000000005f3       0x84 ./Startup/startup_stm32f411vetx.o
 .debug_line    0x0000000000000677      0x827 ./drivers/Src/stm32f411xx_gpio_driver.o

.debug_str      0x0000000000000000     0x8381
 .debug_str     0x0000000000000000     0x8144 ./Src/003button_interrupt.o
                                       0x8345 (size before relaxing)
 .debug_str     0x0000000000008144       0x31 ./Startup/startup_stm32f411vetx.o
                                         0x82 (size before relaxing)
 .debug_str     0x0000000000008175      0x20c ./drivers/Src/stm32f411xx_gpio_driver.o
                                       0x53a7 (size before relaxing)

.comment        0x0000000000000000       0x50
 .comment       0x0000000000000000       0x50 ./Src/003button_interrupt.o
                                         0x51 (size before relaxing)
 .comment       0x0000000000000050       0x51 ./drivers/Src/stm32f411xx_gpio_driver.o

.debug_frame    0x0000000000000000      0x288
 .debug_frame   0x0000000000000000       0x74 ./Src/003button_interrupt.o
 .debug_frame   0x0000000000000074      0x1c8 ./drivers/Src/stm32f411xx_gpio_driver.o
 .debug_frame   0x000000000000023c       0x2c c:/st/stm32cubeide_1.12.1/stm32cubeide/plugins/com.st.stm32cube.ide.mcu.externaltools.gnu-tools-for-stm32.10.3-2021.10.win32_1.0.200.202301161003/tools/bin/../lib/gcc/arm-none-eabi/10.3.1/../../../../arm-none-eabi/lib/thumb/v7e-m+fp/hard\libc_nano.a(lib_a-init.o)
 .debug_frame   0x0000000000000268       0x20 c:/st/stm32cubeide_1.12.1/stm32cubeide/plugins/com.st.stm32cube.ide.mcu.externaltools.gnu-tools-for-stm32.10.3-2021.10.win32_1.0.200.202301161003/tools/bin/../lib/gcc/arm-none-eabi/10.3.1/../../../../arm-none-eabi/lib/thumb/v7e-m+fp/hard\libc_nano.a(lib_a-memset.o)
