16:46:27 **** Incremental Build of configuration Debug for project stm32f411_drivers ****
make -j4 all 
arm-none-eabi-gcc "../Src/002button_press.c" -mcpu=cortex-m4 -std=gnu11 -g3 -DDEBUG -DSTM32F411VETx -DSTM32 -DSTM32F4 -DSTM32F411E_DISCO -c -I../Inc -I"/home/ad/windows_share/stm32/workspace1/stm32f411_drivers/drivers/Inc" -O0 -ffunction-sections -fdata-sections -Wall -fstack-usage -fcyclomatic-complexity -MMD -MP -MF"Src/002button_press.d" -MT"Src/002button_press.o" --specs=nano.specs -mfpu=fpv4-sp-d16 -mfloat-abi=hard -mthumb -o "Src/002button_press.o"
arm-none-eabi-gcc -o "stm32f411_drivers.elf" @"objects.list"   -mcpu=cortex-m4 -T"/home/ad/windows_share/stm32/workspace1/stm32f411_drivers/STM32F411VETX_FLASH.ld" --specs=nosys.specs -Wl,-Map="stm32f411_drivers.map" -Wl,--gc-sections -static --specs=nano.specs -mfpu=fpv4-sp-d16 -mfloat-abi=hard -mthumb -Wl,--start-group -lc -lm -Wl,--end-group
Finished building target: stm32f411_drivers.elf
 
arm-none-eabi-size   stm32f411_drivers.elf 
arm-none-eabi-objdump -h -S  stm32f411_drivers.elf  > "stm32f411_drivers.list"
   text	   data	    bss	    dec	    hex	filename
   1616	      8	   1568	   3192	    c78	stm32f411_drivers.elf
Finished building: default.size.stdout
 
Finished building: stm32f411_drivers.list
 
16:46:42 **** Incremental Build of configuration Debug for project stm32f411_drivers ****
make -j4 all 
arm-none-eabi-size   stm32f411_drivers.elf 
   text	   data	    bss	    dec	    hex	filename
   1616	      8	   1568	   3192	    c78	stm32f411_drivers.elf
Finished building: default.size.stdout
 
16:49:43 **** Incremental Build of configuration Debug for project stm32f411_drivers ****
make -j4 all 
arm-none-eabi-gcc "../Src/002button_press.c" -mcpu=cortex-m4 -std=gnu11 -g3 -DDEBUG -DSTM32F411VETx -DSTM32 -DSTM32F4 -DSTM32F411E_DISCO -c -I../Inc -I"/home/ad/windows_share/stm32/workspace1/stm32f411_drivers/drivers/Inc" -O0 -ffunction-sections -fdata-sections -Wall -fstack-usage -fcyclomatic-complexity -MMD -MP -MF"Src/002button_press.d" -MT"Src/002button_press.o" --specs=nano.specs -mfpu=fpv4-sp-d16 -mfloat-abi=hard -mthumb -o "Src/002button_press.o"
arm-none-eabi-gcc -o "stm32f411_drivers.elf" @"objects.list"   -mcpu=cortex-m4 -T"/home/ad/windows_share/stm32/workspace1/stm32f411_drivers/STM32F411VETX_FLASH.ld" --specs=nosys.specs -Wl,-Map="stm32f411_drivers.map" -Wl,--gc-sections -static --specs=nano.specs -mfpu=fpv4-sp-d16 -mfloat-abi=hard -mthumb -Wl,--start-group -lc -lm -Wl,--end-group
Finished building target: stm32f411_drivers.elf
 
arm-none-eabi-size   stm32f411_drivers.elf 
arm-none-eabi-objdump -h -S  stm32f411_drivers.elf  > "stm32f411_drivers.list"
   text	   data	    bss	    dec	    hex	filename
   1616	      8	   1568	   3192	    c78	stm32f411_drivers.elf
Finished building: default.size.stdout
 
Finished building: stm32f411_drivers.list
 
