Archive member included to satisfy reference by file (symbol)

c:/st/stm32cubeide_1.12.1/stm32cubeide/plugins/com.st.stm32cube.ide.mcu.externaltools.gnu-tools-for-stm32.10.3-2021.10.win32_1.0.200.202301161003/tools/bin/../lib/gcc/arm-none-eabi/10.3.1/../../../../arm-none-eabi/lib/thumb/v7e-m+fp/hard\libc_nano.a(lib_a-errno.o)
                              ./Core/Src/syscalls.o (__errno)
c:/st/stm32cubeide_1.12.1/stm32cubeide/plugins/com.st.stm32cube.ide.mcu.externaltools.gnu-tools-for-stm32.10.3-2021.10.win32_1.0.200.202301161003/tools/bin/../lib/gcc/arm-none-eabi/10.3.1/../../../../arm-none-eabi/lib/thumb/v7e-m+fp/hard\libc_nano.a(lib_a-exit.o)
                              c:/st/stm32cubeide_1.12.1/stm32cubeide/plugins/com.st.stm32cube.ide.mcu.externaltools.gnu-tools-for-stm32.10.3-2021.10.win32_1.0.200.202301161003/tools/bin/../lib/gcc/arm-none-eabi/10.3.1/../../../../arm-none-eabi/lib/thumb/v7e-m+fp/hard/crt0.o (exit)
c:/st/stm32cubeide_1.12.1/stm32cubeide/plugins/com.st.stm32cube.ide.mcu.externaltools.gnu-tools-for-stm32.10.3-2021.10.win32_1.0.200.202301161003/tools/bin/../lib/gcc/arm-none-eabi/10.3.1/../../../../arm-none-eabi/lib/thumb/v7e-m+fp/hard\libc_nano.a(lib_a-impure.o)
                              c:/st/stm32cubeide_1.12.1/stm32cubeide/plugins/com.st.stm32cube.ide.mcu.externaltools.gnu-tools-for-stm32.10.3-2021.10.win32_1.0.200.202301161003/tools/bin/../lib/gcc/arm-none-eabi/10.3.1/../../../../arm-none-eabi/lib/thumb/v7e-m+fp/hard\libc_nano.a(lib_a-exit.o) (_global_impure_ptr)
c:/st/stm32cubeide_1.12.1/stm32cubeide/plugins/com.st.stm32cube.ide.mcu.externaltools.gnu-tools-for-stm32.10.3-2021.10.win32_1.0.200.202301161003/tools/bin/../lib/gcc/arm-none-eabi/10.3.1/../../../../arm-none-eabi/lib/thumb/v7e-m+fp/hard\libc_nano.a(lib_a-init.o)
                              c:/st/stm32cubeide_1.12.1/stm32cubeide/plugins/com.st.stm32cube.ide.mcu.externaltools.gnu-tools-for-stm32.10.3-2021.10.win32_1.0.200.202301161003/tools/bin/../lib/gcc/arm-none-eabi/10.3.1/../../../../arm-none-eabi/lib/thumb/v7e-m+fp/hard/crt0.o (__libc_init_array)
c:/st/stm32cubeide_1.12.1/stm32cubeide/plugins/com.st.stm32cube.ide.mcu.externaltools.gnu-tools-for-stm32.10.3-2021.10.win32_1.0.200.202301161003/tools/bin/../lib/gcc/arm-none-eabi/10.3.1/../../../../arm-none-eabi/lib/thumb/v7e-m+fp/hard\libc_nano.a(lib_a-memcmp.o)
                              ./Third_party/FreeRTOS/tasks.o (memcmp)
c:/st/stm32cubeide_1.12.1/stm32cubeide/plugins/com.st.stm32cube.ide.mcu.externaltools.gnu-tools-for-stm32.10.3-2021.10.win32_1.0.200.202301161003/tools/bin/../lib/gcc/arm-none-eabi/10.3.1/../../../../arm-none-eabi/lib/thumb/v7e-m+fp/hard\libc_nano.a(lib_a-memcpy-stub.o)
                              ./Third_party/FreeRTOS/queue.o (memcpy)
c:/st/stm32cubeide_1.12.1/stm32cubeide/plugins/com.st.stm32cube.ide.mcu.externaltools.gnu-tools-for-stm32.10.3-2021.10.win32_1.0.200.202301161003/tools/bin/../lib/gcc/arm-none-eabi/10.3.1/../../../../arm-none-eabi/lib/thumb/v7e-m+fp/hard\libc_nano.a(lib_a-memset.o)
                              c:/st/stm32cubeide_1.12.1/stm32cubeide/plugins/com.st.stm32cube.ide.mcu.externaltools.gnu-tools-for-stm32.10.3-2021.10.win32_1.0.200.202301161003/tools/bin/../lib/gcc/arm-none-eabi/10.3.1/../../../../arm-none-eabi/lib/thumb/v7e-m+fp/hard/crt0.o (memset)
c:/st/stm32cubeide_1.12.1/stm32cubeide/plugins/com.st.stm32cube.ide.mcu.externaltools.gnu-tools-for-stm32.10.3-2021.10.win32_1.0.200.202301161003/tools/bin/../lib/gcc/arm-none-eabi/10.3.1/../../../../arm-none-eabi/lib/thumb/v7e-m+fp/hard\libc_nano.a(lib_a-puts.o)
                              ./Core/Src/main.o (puts)
c:/st/stm32cubeide_1.12.1/stm32cubeide/plugins/com.st.stm32cube.ide.mcu.externaltools.gnu-tools-for-stm32.10.3-2021.10.win32_1.0.200.202301161003/tools/bin/../lib/gcc/arm-none-eabi/10.3.1/../../../../arm-none-eabi/lib/thumb/v7e-m+fp/hard\libc_nano.a(lib_a-strlen.o)
                              ./Third_party/SEGGER/SEGGER/SEGGER_RTT.o (strlen)
c:/st/stm32cubeide_1.12.1/stm32cubeide/plugins/com.st.stm32cube.ide.mcu.externaltools.gnu-tools-for-stm32.10.3-2021.10.win32_1.0.200.202301161003/tools/bin/../lib/gcc/arm-none-eabi/10.3.1/../../../../arm-none-eabi/lib/thumb/v7e-m+fp/hard\libc_nano.a(lib_a-wbuf.o)
                              c:/st/stm32cubeide_1.12.1/stm32cubeide/plugins/com.st.stm32cube.ide.mcu.externaltools.gnu-tools-for-stm32.10.3-2021.10.win32_1.0.200.202301161003/tools/bin/../lib/gcc/arm-none-eabi/10.3.1/../../../../arm-none-eabi/lib/thumb/v7e-m+fp/hard\libc_nano.a(lib_a-puts.o) (__swbuf_r)
c:/st/stm32cubeide_1.12.1/stm32cubeide/plugins/com.st.stm32cube.ide.mcu.externaltools.gnu-tools-for-stm32.10.3-2021.10.win32_1.0.200.202301161003/tools/bin/../lib/gcc/arm-none-eabi/10.3.1/../../../../arm-none-eabi/lib/thumb/v7e-m+fp/hard\libc_nano.a(lib_a-wsetup.o)
[...]
Memory Configuration

Name             Origin             Length             Attributes
RAM              0x0000000020000000 0x0000000000020000 xrw
FLASH            0x0000000008000000 0x0000000000080000 xr
*default*        0x0000000000000000 0xffffffffffffffff

Linker script and memory map

LOAD c:/st/stm32cubeide_1.12.1/stm32cubeide/plugins/com.st.stm32cube.ide.mcu.externaltools.gnu-tools-for-stm32.10.3-2021.10.win32_1.0.200.202301161003/tools/bin/../lib/gcc/arm-none-eabi/10.3.1/thumb/v7e-m+fp/hard/crti.o
LOAD c:/st/stm32cubeide_1.12.1/stm32cubeide/plugins/com.st.stm32cube.ide.mcu.externaltools.gnu-tools-for-stm32.10.3-2021.10.win32_1.0.200.202301161003/tools/bin/../lib/gcc/arm-none-eabi/10.3.1/thumb/v7e-m+fp/hard/crtbegin.o
LOAD c:/st/stm32cubeide_1.12.1/stm32cubeide/plugins/com.st.stm32cube.ide.mcu.externaltools.gnu-tools-for-stm32.10.3-2021.10.win32_1.0.200.202301161003/tools/bin/../lib/gcc/arm-none-eabi/10.3.1/../../../../arm-none-eabi/lib/thumb/v7e-m+fp/hard/crt0.o
LOAD ./Core/Src/main.o
LOAD ./Core/Src/stm32f4xx_hal_msp.o
LOAD ./Core/Src/stm32f4xx_hal_timebase_tim.o
LOAD ./Core/Src/stm32f4xx_it.o
LOAD ./Core/Src/syscalls.o
LOAD ./Core/Src/sysmem.o
LOAD ./Core/Src/system_stm32f4xx.o
LOAD ./Core/Startup/startup_stm32f411vetx.o
LOAD ./Drivers/STM32F4xx_HAL_Driver/Src/stm32f4xx_hal.o
LOAD ./Drivers/STM32F4xx_HAL_Driver/Src/stm32f4xx_hal_cortex.o
LOAD ./Drivers/STM32F4xx_HAL_Driver/Src/stm32f4xx_hal_dma.o
LOAD ./Drivers/STM32F4xx_HAL_Driver/Src/stm32f4xx_hal_dma_ex.o
LOAD ./Drivers/STM32F4xx_HAL_Driver/Src/stm32f4xx_hal_exti.o
LOAD ./Drivers/STM32F4xx_HAL_Driver/Src/stm32f4xx_hal_flash.o
LOAD ./Drivers/STM32F4xx_HAL_Driver/Src/stm32f4xx_hal_flash_ex.o
LOAD ./Drivers/STM32F4xx_HAL_Driver/Src/stm32f4xx_hal_flash_ramfunc.o
LOAD ./Drivers/STM32F4xx_HAL_Driver/Src/stm32f4xx_hal_gpio.o
LOAD ./Drivers/STM32F4xx_HAL_Driver/Src/stm32f4xx_hal_pwr.o
LOAD ./Drivers/STM32F4xx_HAL_Driver/Src/stm32f4xx_hal_pwr_ex.o
LOAD ./Drivers/STM32F4xx_HAL_Driver/Src/stm32f4xx_hal_rcc.o
LOAD ./Drivers/STM32F4xx_HAL_Driver/Src/stm32f4xx_hal_rcc_ex.o
LOAD ./Drivers/STM32F4xx_HAL_Driver/Src/stm32f4xx_hal_tim.o
LOAD ./Drivers/STM32F4xx_HAL_Driver/Src/stm32f4xx_hal_tim_ex.o
LOAD ./Third_party/FreeRTOS/croutine.o
LOAD ./Third_party/FreeRTOS/event_groups.o
LOAD ./Third_party/FreeRTOS/list.o
LOAD ./Third_party/FreeRTOS/queue.o
LOAD ./Third_party/FreeRTOS/stream_buffer.o
LOAD ./Third_party/FreeRTOS/tasks.o
LOAD ./Third_party/FreeRTOS/timers.o
LOAD ./Third_party/FreeRTOS/portable/GCC/ARM_CM4F/port.o
LOAD ./Third_party/FreeRTOS/portable/MemMang/heap_4.o
LOAD ./Third_party/SEGGER/Config/SEGGER_SYSVIEW_Config_FreeRTOS.o
LOAD ./Third_party/SEGGER/OS/SEGGER_SYSVIEW_FreeRTOS.o
LOAD ./Third_party/SEGGER/SEGGER/SEGGER_RTT.o
LOAD ./Third_party/SEGGER/SEGGER/SEGGER_RTT_ASM_ARMv7M.o
LOAD ./Third_party/SEGGER/SEGGER/SEGGER_RTT_printf.o
LOAD ./Third_party/SEGGER/SEGGER/SEGGER_SYSVIEW.o
LOAD ./Third_party/SEGGER/SEGGER/Syscalls/SEGGER_RTT_Syscalls_GCC.o
START GROUP
LOAD c:/st/stm32cubeide_1.12.1/stm32cubeide/plugins/com.st.stm32cube.ide.mcu.externaltools.gnu-tools-for-stm32.10.3-2021.10.win32_1.0.200.202301161003/tools/bin/../lib/gcc/arm-none-eabi/10.3.1/../../../../arm-none-eabi/lib/thumb/v7e-m+fp/hard\libc_nano.a
LOAD c:/st/stm32cubeide_1.12.1/stm32cubeide/plugins/com.st.stm32cube.ide.mcu.externaltools.gnu-tools-for-stm32.10.3-2021.10.win32_1.0.200.202301161003/tools/bin/../lib/gcc/arm-none-eabi/10.3.1/../../../../arm-none-eabi/lib/thumb/v7e-m+fp/hard\libm.a
END GROUP
START GROUP
LOAD c:/st/stm32cubeide_1.12.1/stm32cubeide/plugins/com.st.stm32cube.ide.mcu.externaltools.gnu-tools-for-stm32.10.3-2021.10.win32_1.0.200.202301161003/tools/bin/../lib/gcc/arm-none-eabi/10.3.1/thumb/v7e-m+fp/hard\libgcc.a
LOAD c:/st/stm32cubeide_1.12.1/stm32cubeide/plugins/com.st.stm32cube.ide.mcu.externaltools.gnu-tools-for-stm32.10.3-2021.10.win32_1.0.200.202301161003/tools/bin/../lib/gcc/arm-none-eabi/10.3.1/../../../../arm-none-eabi/lib/thumb/v7e-m+fp/hard\libc_nano.a
END GROUP
START GROUP
LOAD c:/st/stm32cubeide_1.12.1/stm32cubeide/plugins/com.st.stm32cube.ide.mcu.externaltools.gnu-tools-for-stm32.10.3-2021.10.win32_1.0.200.202301161003/tools/bin/../lib/gcc/arm-none-eabi/10.3.1/thumb/v7e-m+fp/hard\libgcc.a
LOAD c:/st/stm32cubeide_1.12.1/stm32cubeide/plugins/com.st.stm32cube.ide.mcu.externaltools.gnu-tools-for-stm32.10.3-2021.10.win32_1.0.200.202301161003/tools/bin/../lib/gcc/arm-none-eabi/10.3.1/../../../../arm-none-eabi/lib/thumb/v7e-m+fp/hard\libc_nano.a
LOAD c:/st/stm32cubeide_1.12.1/stm32cubeide/plugins/com.st.stm32cube.ide.mcu.externaltools.gnu-tools-for-stm32.10.3-2021.10.win32_1.0.200.202301161003/tools/bin/../lib/gcc/arm-none-eabi/10.3.1/../../../../arm-none-eabi/lib/thumb/v7e-m+fp/hard\libnosys.a
END GROUP
START GROUP
LOAD c:/st/stm32cubeide_1.12.1/stm32cubeide/plugins/com.st.stm32cube.ide.mcu.externaltools.gnu-tools-for-stm32.10.3-2021.10.win32_1.0.200.202301161003/tools/bin/../lib/gcc/arm-none-eabi/10.3.1/thumb/v7e-m+fp/hard\libgcc.a
LOAD c:/st/stm32cubeide_1.12.1/stm32cubeide/plugins/com.st.stm32cube.ide.mcu.externaltools.gnu-tools-for-stm32.10.3-2021.10.win32_1.0.200.202301161003/tools/bin/../lib/gcc/arm-none-eabi/10.3.1/../../../../arm-none-eabi/lib/thumb/v7e-m+fp/hard\libc_nano.a
LOAD c:/st/stm32cubeide_1.12.1/stm32cubeide/plugins/com.st.stm32cube.ide.mcu.externaltools.gnu-tools-for-stm32.10.3-2021.10.win32_1.0.200.202301161003/tools/bin/../lib/gcc/arm-none-eabi/10.3.1/../../../../arm-none-eabi/lib/thumb/v7e-m+fp/hard\libnosys.a
END GROUP
LOAD c:/st/stm32cubeide_1.12.1/stm32cubeide/plugins/com.st.stm32cube.ide.mcu.externaltools.gnu-tools-for-stm32.10.3-2021.10.win32_1.0.200.202301161003/tools/bin/../lib/gcc/arm-none-eabi/10.3.1/thumb/v7e-m+fp/hard/crtend.o
LOAD c:/st/stm32cubeide_1.12.1/stm32cubeide/plugins/com.st.stm32cube.ide.mcu.externaltools.gnu-tools-for-stm32.10.3-2021.10.win32_1.0.200.202301161003/tools/bin/../lib/gcc/arm-none-eabi/10.3.1/thumb/v7e-m+fp/hard/crtn.o
                0x0000000020020000                _estack = (ORIGIN (RAM) + LENGTH (RAM))
                0x0000000000000200                _Min_Heap_Size = 0x200
                0x0000000000000400                _Min_Stack_Size = 0x400

.isr_vector     0x0000000008000000      0x198
                0x0000000008000000                . = ALIGN (0x4)
 *(.isr_vector)
 .isr_vector    0x0000000008000000      0x198 ./Core/Startup/startup_stm32f411vetx.o
                0x0000000008000000                g_pfnVectors
                0x0000000008000198                . = ALIGN (0x4)

.text           0x00000000080001a0     0x7020
                0x00000000080001a0                . = ALIGN (0x4)
 *(.text)
 .text          0x00000000080001a0       0x40 c:/st/stm32cubeide_1.12.1/stm32cubeide/plugins/com.st.stm32cube.ide.mcu.externaltools.gnu-tools-for-stm32.10.3-2021.10.win32_1.0.200.202301161003/tools/bin/../lib/gcc/arm-none-eabi/10.3.1/thumb/v7e-m+fp/hard/crtbegin.o
 .text          0x00000000080001e0       0x94 ./Third_party/SEGGER/SEGGER/SEGGER_RTT_ASM_ARMv7M.o
                0x00000000080001e0                SEGGER_RTT_ASM_WriteSkipNoLock
 .text          0x0000000008000274       0x30 c:/st/stm32cubeide_1.12.1/stm32cubeide/plugins/com.st.stm32cube.ide.mcu.externaltools.gnu-tools-for-stm32.10.3-2021.10.win32_1.0.200.202301161003/tools/bin/../lib/gcc/arm-none-eabi/10.3.1/thumb/v7e-m+fp/hard\libgcc.a(_aeabi_uldivmod.o)
                0x0000000008000274                __aeabi_uldivmod
 .text          0x00000000080002a4      0x2d0 c:/st/stm32cubeide_1.12.1/stm32cubeide/plugins/com.st.stm32cube.ide.mcu.externaltools.gnu-tools-for-stm32.10.3-2021.10.win32_1.0.200.202301161003/tools/bin/../lib/gcc/arm-none-eabi/10.3.1/thumb/v7e-m+fp/hard\libgcc.a(_udivmoddi4.o)
                0x00000000080002a4                __udivmoddi4
 .text          0x0000000008000574        0x4 c:/st/stm32cubeide_1.12.1/stm32cubeide/plugins/com.st.stm32cube.ide.mcu.externaltools.gnu-tools-for-stm32.10.3-2021.10.win32_1.0.200.202301161003/tools/bin/../lib/gcc/arm-none-eabi/10.3.1/thumb/v7e-m+fp/hard\libgcc.a(_dvmd_tls.o)
                0x0000000008000574                __aeabi_idiv0
                0x0000000008000574                __aeabi_ldiv0
 *(.text*)
 .text.main     0x0000000008000578       0xb0 ./Core/Src/main.o
                0x0000000008000578                main
 .text.SystemClock_Config
                0x0000000008000628       0xc0 ./Core/Src/main.o
                0x0000000008000628                SystemClock_Config
 .text.MX_GPIO_Init
                0x00000000080006e8      0x2bc ./Core/Src/main.o
 .text.task1_handler
                0x00000000080009a4       0x10 ./Core/Src/main.o
 .text.task2_handler
                0x00000000080009b4       0x10 ./Core/Src/main.o
 .text.HAL_TIM_PeriodElapsedCallback
                0x00000000080009c4       0x24 ./Core/Src/main.o
                0x00000000080009c4                HAL_TIM_PeriodElapsedCallback
 .text.Error_Handler
                0x00000000080009e8        0xa ./Core/Src/main.o
                0x00000000080009e8                Error_Handler
 *fill*         0x00000000080009f2        0x2 
 .text.HAL_MspInit
                0x00000000080009f4       0x50 ./Core/Src/stm32f4xx_hal_msp.o
                0x00000000080009f4                HAL_MspInit
 .text.HAL_InitTick
                0x0000000008000a44       0xf8 ./Core/Src/stm32f4xx_hal_timebase_tim.o
                0x0000000008000a44                HAL_InitTick
 .text.NMI_Handler
                0x0000000008000b3c        0x6 ./Core/Src/stm32f4xx_it.o
                0x0000000008000b3c                NMI_Handler
 .text.HardFault_Handler
                0x0000000008000b42        0x6 ./Core/Src/stm32f4xx_it.o
                0x0000000008000b42                HardFault_Handler
 .text.MemManage_Handler
                0x0000000008000b48        0x6 ./Core/Src/stm32f4xx_it.o
                0x0000000008000b48                MemManage_Handler
 .text.BusFault_Handler
                0x0000000008000b4e        0x6 ./Core/Src/stm32f4xx_it.o
                0x0000000008000b4e                BusFault_Handler
 .text.UsageFault_Handler
                0x0000000008000b54        0x6 ./Core/Src/stm32f4xx_it.o
                0x0000000008000b54                UsageFault_Handler
 .text.DebugMon_Handler
                0x0000000008000b5a        0xe ./Core/Src/stm32f4xx_it.o
                0x0000000008000b5a                DebugMon_Handler
 .text.TIM5_IRQHandler
                0x0000000008000b68       0x14 ./Core/Src/stm32f4xx_it.o
                0x0000000008000b68                TIM5_IRQHandler
 .text._read    0x0000000008000b7c       0x3a ./Core/Src/syscalls.o
                0x0000000008000b7c                _read
 .text._close   0x0000000008000bb6       0x18 ./Core/Src/syscalls.o
                0x0000000008000bb6                _close
 .text._fstat   0x0000000008000bce       0x20 ./Core/Src/syscalls.o
                0x0000000008000bce                _fstat
 .text._isatty  0x0000000008000bee       0x16 ./Core/Src/syscalls.o
                0x0000000008000bee                _isatty
 .text._lseek   0x0000000008000c04       0x1a ./Core/Src/syscalls.o
                0x0000000008000c04                _lseek
 *fill*         0x0000000008000c1e        0x2 
 .text._sbrk    0x0000000008000c20       0x6c ./Core/Src/sysmem.o
                0x0000000008000c20                _sbrk
 .text.SystemInit
                0x0000000008000c8c       0x24 ./Core/Src/system_stm32f4xx.o
                0x0000000008000c8c                SystemInit
 .text.Reset_Handler
                0x0000000008000cb0       0x50 ./Core/Startup/startup_stm32f411vetx.o
                0x0000000008000cb0                Reset_Handler
 .text.Default_Handler
                0x0000000008000d00        0x2 ./Core/Startup/startup_stm32f411vetx.o
                0x0000000008000d00                RTC_Alarm_IRQHandler
                0x0000000008000d00                EXTI2_IRQHandler
                0x0000000008000d00                SPI4_IRQHandler
                0x0000000008000d00                TIM1_CC_IRQHandler
                0x0000000008000d00                DMA2_Stream5_IRQHandler
                0x0000000008000d00                DMA1_Stream5_IRQHandler
                0x0000000008000d00                PVD_IRQHandler
                0x0000000008000d00                SDIO_IRQHandler
                0x0000000008000d00                TAMP_STAMP_IRQHandler
                0x0000000008000d00                EXTI3_IRQHandler
                0x0000000008000d00                TIM1_UP_TIM10_IRQHandler
                0x0000000008000d00                I2C3_ER_IRQHandler
                0x0000000008000d00                EXTI0_IRQHandler
                0x0000000008000d00                I2C2_EV_IRQHandler
                0x0000000008000d00                DMA1_Stream2_IRQHandler
                0x0000000008000d00                FPU_IRQHandler
                0x0000000008000d00                DMA2_Stream2_IRQHandler
                0x0000000008000d00                SPI1_IRQHandler
                0x0000000008000d00                TIM1_BRK_TIM9_IRQHandler
                0x0000000008000d00                DMA2_Stream3_IRQHandler
                0x0000000008000d00                USART6_IRQHandler
                0x0000000008000d00                DMA2_Stream0_IRQHandler
                0x0000000008000d00                TIM4_IRQHandler
                0x0000000008000d00                I2C1_EV_IRQHandler
                0x0000000008000d00                DMA1_Stream6_IRQHandler
                0x0000000008000d00                DMA1_Stream1_IRQHandler
                0x0000000008000d00                TIM3_IRQHandler
                0x0000000008000d00                RCC_IRQHandler
                0x0000000008000d00                Default_Handler
                0x0000000008000d00                EXTI15_10_IRQHandler
                0x0000000008000d00                ADC_IRQHandler
                0x0000000008000d00                DMA1_Stream7_IRQHandler
                0x0000000008000d00                SPI5_IRQHandler
                0x0000000008000d00                DMA2_Stream7_IRQHandler
                0x0000000008000d00                I2C3_EV_IRQHandler
                0x0000000008000d00                EXTI9_5_IRQHandler
                0x0000000008000d00                RTC_WKUP_IRQHandler
                0x0000000008000d00                SPI2_IRQHandler
                0x0000000008000d00                DMA1_Stream0_IRQHandler
                0x0000000008000d00                EXTI4_IRQHandler
                0x0000000008000d00                WWDG_IRQHandler
                0x0000000008000d00                TIM2_IRQHandler
                0x0000000008000d00                OTG_FS_WKUP_IRQHandler
                0x0000000008000d00                TIM1_TRG_COM_TIM11_IRQHandler
                0x0000000008000d00                EXTI1_IRQHandler
                0x0000000008000d00                USART2_IRQHandler
                0x0000000008000d00                I2C2_ER_IRQHandler
                0x0000000008000d00                DMA2_Stream1_IRQHandler
                0x0000000008000d00                FLASH_IRQHandler
                0x0000000008000d00                DMA2_Stream4_IRQHandler
                0x0000000008000d00                USART1_IRQHandler
                0x0000000008000d00                OTG_FS_IRQHandler
                0x0000000008000d00                SPI3_IRQHandler
                0x0000000008000d00                DMA1_Stream4_IRQHandler
                0x0000000008000d00                I2C1_ER_IRQHandler
                0x0000000008000d00                DMA2_Stream6_IRQHandler
                0x0000000008000d00                DMA1_Stream3_IRQHandler
 *fill*         0x0000000008000d02        0x2 
 .text.HAL_Init
                0x0000000008000d04       0x44 ./Drivers/STM32F4xx_HAL_Driver/Src/stm32f4xx_hal.o
                0x0000000008000d04                HAL_Init
 .text.HAL_IncTick
                0x0000000008000d48       0x28 ./Drivers/STM32F4xx_HAL_Driver/Src/stm32f4xx_hal.o
                0x0000000008000d48                HAL_IncTick
 .text.HAL_GetTick
                0x0000000008000d70       0x18 ./Drivers/STM32F4xx_HAL_Driver/Src/stm32f4xx_hal.o
                0x0000000008000d70                HAL_GetTick
 .text.__NVIC_SetPriorityGrouping
                0x0000000008000d88       0x48 ./Drivers/STM32F4xx_HAL_Driver/Src/stm32f4xx_hal_cortex.o
 .text.__NVIC_GetPriorityGrouping
                0x0000000008000dd0       0x1c ./Drivers/STM32F4xx_HAL_Driver/Src/stm32f4xx_hal_cortex.o
 .text.__NVIC_EnableIRQ
                0x0000000008000dec       0x3c ./Drivers/STM32F4xx_HAL_Driver/Src/stm32f4xx_hal_cortex.o
 .text.__NVIC_SetPriority
                0x0000000008000e28       0x54 ./Drivers/STM32F4xx_HAL_Driver/Src/stm32f4xx_hal_cortex.o
 .text.NVIC_EncodePriority
                0x0000000008000e7c       0x66 ./Drivers/STM32F4xx_HAL_Driver/Src/stm32f4xx_hal_cortex.o
 .text.HAL_NVIC_SetPriorityGrouping
                0x0000000008000ee2       0x16 ./Drivers/STM32F4xx_HAL_Driver/Src/stm32f4xx_hal_cortex.o
                0x0000000008000ee2                HAL_NVIC_SetPriorityGrouping
 .text.HAL_NVIC_SetPriority
                0x0000000008000ef8       0x38 ./Drivers/STM32F4xx_HAL_Driver/Src/stm32f4xx_hal_cortex.o
                0x0000000008000ef8                HAL_NVIC_SetPriority
 .text.HAL_NVIC_EnableIRQ
                0x0000000008000f30       0x1c ./Drivers/STM32F4xx_HAL_Driver/Src/stm32f4xx_hal_cortex.o
                0x0000000008000f30                HAL_NVIC_EnableIRQ
 .text.HAL_GPIO_Init
                0x0000000008000f4c      0x308 ./Drivers/STM32F4xx_HAL_Driver/Src/stm32f4xx_hal_gpio.o
                0x0000000008000f4c                HAL_GPIO_Init
 .text.HAL_GPIO_WritePin
                0x0000000008001254       0x32 ./Drivers/STM32F4xx_HAL_Driver/Src/stm32f4xx_hal_gpio.o
                0x0000000008001254                HAL_GPIO_WritePin
 *fill*         0x0000000008001286        0x2 
 .text.HAL_RCC_OscConfig
                0x0000000008001288      0x4f0 ./Drivers/STM32F4xx_HAL_Driver/Src/stm32f4xx_hal_rcc.o
                0x0000000008001288                HAL_RCC_OscConfig
 .text.HAL_RCC_ClockConfig
                0x0000000008001778      0x1cc ./Drivers/STM32F4xx_HAL_Driver/Src/stm32f4xx_hal_rcc.o
                0x0000000008001778                HAL_RCC_ClockConfig
 .text.HAL_RCC_GetSysClockFreq
                0x0000000008001944      0x20c ./Drivers/STM32F4xx_HAL_Driver/Src/stm32f4xx_hal_rcc.o
                0x0000000008001944                HAL_RCC_GetSysClockFreq
 .text.HAL_RCC_GetHCLKFreq
                0x0000000008001b50       0x18 ./Drivers/STM32F4xx_HAL_Driver/Src/stm32f4xx_hal_rcc.o
                0x0000000008001b50                HAL_RCC_GetHCLKFreq
 .text.HAL_RCC_GetPCLK1Freq
                0x0000000008001b68       0x28 ./Drivers/STM32F4xx_HAL_Driver/Src/stm32f4xx_hal_rcc.o
                0x0000000008001b68                HAL_RCC_GetPCLK1Freq
 .text.HAL_RCC_GetClockConfig
                0x0000000008001b90       0x64 ./Drivers/STM32F4xx_HAL_Driver/Src/stm32f4xx_hal_rcc.o
                0x0000000008001b90                HAL_RCC_GetClockConfig
 .text.HAL_TIM_Base_Init
                0x0000000008001bf4       0x9e ./Drivers/STM32F4xx_HAL_Driver/Src/stm32f4xx_hal_tim.o
                0x0000000008001bf4                HAL_TIM_Base_Init
 .text.HAL_TIM_Base_MspInit
                0x0000000008001c92       0x14 ./Drivers/STM32F4xx_HAL_Driver/Src/stm32f4xx_hal_tim.o
                0x0000000008001c92                HAL_TIM_Base_MspInit
 *fill*         0x0000000008001ca6        0x2 
 .text.HAL_TIM_Base_Start_IT
                0x0000000008001ca8       0xc4 ./Drivers/STM32F4xx_HAL_Driver/Src/stm32f4xx_hal_tim.o
                0x0000000008001ca8                HAL_TIM_Base_Start_IT
 .text.HAL_TIM_IRQHandler
                0x0000000008001d6c      0x210 ./Drivers/STM32F4xx_HAL_Driver/Src/stm32f4xx_hal_tim.o
                0x0000000008001d6c                HAL_TIM_IRQHandler
 .text.HAL_TIM_OC_DelayElapsedCallback
                0x0000000008001f7c       0x14 ./Drivers/STM32F4xx_HAL_Driver/Src/stm32f4xx_hal_tim.o
                0x0000000008001f7c                HAL_TIM_OC_DelayElapsedCallback
 .text.HAL_TIM_IC_CaptureCallback
                0x0000000008001f90       0x14 ./Drivers/STM32F4xx_HAL_Driver/Src/stm32f4xx_hal_tim.o
                0x0000000008001f90                HAL_TIM_IC_CaptureCallback
 .text.HAL_TIM_PWM_PulseFinishedCallback
                0x0000000008001fa4       0x14 ./Drivers/STM32F4xx_HAL_Driver/Src/stm32f4xx_hal_tim.o
                0x0000000008001fa4                HAL_TIM_PWM_PulseFinishedCallback
 .text.HAL_TIM_TriggerCallback
                0x0000000008001fb8       0x14 ./Drivers/STM32F4xx_HAL_Driver/Src/stm32f4xx_hal_tim.o
                0x0000000008001fb8                HAL_TIM_TriggerCallback
 .text.TIM_Base_SetConfig
                0x0000000008001fcc      0x100 ./Drivers/STM32F4xx_HAL_Driver/Src/stm32f4xx_hal_tim.o
                0x0000000008001fcc                TIM_Base_SetConfig
 .text.HAL_TIMEx_CommutCallback
                0x00000000080020cc       0x14 ./Drivers/STM32F4xx_HAL_Driver/Src/stm32f4xx_hal_tim_ex.o
                0x00000000080020cc                HAL_TIMEx_CommutCallback
 .text.HAL_TIMEx_BreakCallback
                0x00000000080020e0       0x14 ./Drivers/STM32F4xx_HAL_Driver/Src/stm32f4xx_hal_tim_ex.o
                0x00000000080020e0                HAL_TIMEx_BreakCallback
 .text.vListInitialise
                0x00000000080020f4       0x40 ./Third_party/FreeRTOS/list.o
                0x00000000080020f4                vListInitialise
 .text.vListInitialiseItem
                0x0000000008002134       0x1a ./Third_party/FreeRTOS/list.o
                0x0000000008002134                vListInitialiseItem
 .text.vListInsertEnd
                0x000000000800214e       0x48 ./Third_party/FreeRTOS/list.o
                0x000000000800214e                vListInsertEnd
 .text.vListInsert
                0x0000000008002196       0x72 ./Third_party/FreeRTOS/list.o
                0x0000000008002196                vListInsert
 .text.uxListRemove
                0x0000000008002208       0x54 ./Third_party/FreeRTOS/list.o
                0x0000000008002208                uxListRemove
 .text.xQueueGenericReset
                0x000000000800225c       0xd0 ./Third_party/FreeRTOS/queue.o
                0x000000000800225c                xQueueGenericReset
 .text.xQueueGenericCreate
                0x000000000800232c       0xbe ./Third_party/FreeRTOS/queue.o
                0x000000000800232c                xQueueGenericCreate
 .text.prvInitialiseNewQueue
                0x00000000080023ea       0x52 ./Third_party/FreeRTOS/queue.o
 .text.xQueueGenericSend
                0x000000000800243c      0x24c ./Third_party/FreeRTOS/queue.o
                0x000000000800243c                xQueueGenericSend
 .text.xQueueGenericSendFromISR
                0x0000000008002688      0x17c ./Third_party/FreeRTOS/queue.o
                0x0000000008002688                xQueueGenericSendFromISR
 .text.xQueueReceive
                0x0000000008002804      0x220 ./Third_party/FreeRTOS/queue.o
                0x0000000008002804                xQueueReceive
 .text.prvCopyDataToQueue
                0x0000000008002a24       0xd4 ./Third_party/FreeRTOS/queue.o
 .text.prvCopyDataFromQueue
                0x0000000008002af8       0x4c ./Third_party/FreeRTOS/queue.o
 .text.prvUnlockQueue
                0x0000000008002b44       0xa4 ./Third_party/FreeRTOS/queue.o
 .text.prvIsQueueEmpty
                0x0000000008002be8       0x2c ./Third_party/FreeRTOS/queue.o
 .text.prvIsQueueFull
                0x0000000008002c14       0x30 ./Third_party/FreeRTOS/queue.o
 .text.vQueueAddToRegistry
                0x0000000008002c44       0x64 ./Third_party/FreeRTOS/queue.o
                0x0000000008002c44                vQueueAddToRegistry
 .text.vQueueWaitForMessageRestricted
                0x0000000008002ca8       0x68 ./Third_party/FreeRTOS/queue.o
                0x0000000008002ca8                vQueueWaitForMessageRestricted
 .text.xTaskCreate
                0x0000000008002d10       0x82 ./Third_party/FreeRTOS/tasks.o
                0x0000000008002d10                xTaskCreate
 .text.prvInitialiseNewTask
                0x0000000008002d92      0x12c ./Third_party/FreeRTOS/tasks.o
 *fill*         0x0000000008002ebe        0x2 
 .text.prvAddNewTaskToReadyList
                0x0000000008002ec0      0x118 ./Third_party/FreeRTOS/tasks.o
 .text.vTaskStartScheduler
                0x0000000008002fd8       0xcc ./Third_party/FreeRTOS/tasks.o
                0x0000000008002fd8                vTaskStartScheduler
 .text.vTaskSuspendAll
                0x00000000080030a4       0x1c ./Third_party/FreeRTOS/tasks.o
                0x00000000080030a4                vTaskSuspendAll
 .text.xTaskResumeAll
                0x00000000080030c0      0x140 ./Third_party/FreeRTOS/tasks.o
                0x00000000080030c0                xTaskResumeAll
 .text.xTaskGetTickCount
                0x0000000008003200       0x20 ./Third_party/FreeRTOS/tasks.o
                0x0000000008003200                xTaskGetTickCount
 .text.xTaskGetTickCountFromISR
                0x0000000008003220       0x24 ./Third_party/FreeRTOS/tasks.o
                0x0000000008003220                xTaskGetTickCountFromISR
 .text.xTaskIncrementTick
                0x0000000008003244      0x178 ./Third_party/FreeRTOS/tasks.o
                0x0000000008003244                xTaskIncrementTick
 .text.vTaskSwitchContext
                0x00000000080033bc       0xdc ./Third_party/FreeRTOS/tasks.o
                0x00000000080033bc                vTaskSwitchContext
 .text.vTaskPlaceOnEventList
                0x0000000008003498       0x48 ./Third_party/FreeRTOS/tasks.o
                0x0000000008003498                vTaskPlaceOnEventList
 .text.vTaskPlaceOnEventListRestricted
                0x00000000080034e0       0x5c ./Third_party/FreeRTOS/tasks.o
                0x00000000080034e0                vTaskPlaceOnEventListRestricted
 .text.xTaskRemoveFromEventList
                0x000000000800353c       0xcc ./Third_party/FreeRTOS/tasks.o
                0x000000000800353c                xTaskRemoveFromEventList
 .text.vTaskInternalSetTimeOutState
                0x0000000008003608       0x2c ./Third_party/FreeRTOS/tasks.o
                0x0000000008003608                vTaskInternalSetTimeOutState
 .text.xTaskCheckForTimeOut
                0x0000000008003634       0xcc ./Third_party/FreeRTOS/tasks.o
                0x0000000008003634                xTaskCheckForTimeOut
 .text.vTaskMissedYield
                0x0000000008003700       0x18 ./Third_party/FreeRTOS/tasks.o
                0x0000000008003700                vTaskMissedYield
 .text.prvIdleTask
                0x0000000008003718       0x30 ./Third_party/FreeRTOS/tasks.o
 .text.prvInitialiseTaskLists
                0x0000000008003748       0x80 ./Third_party/FreeRTOS/tasks.o
 .text.prvCheckTasksWaitingTermination
                0x00000000080037c8       0x5c ./Third_party/FreeRTOS/tasks.o
 .text.prvDeleteTCB
                0x0000000008003824       0x20 ./Third_party/FreeRTOS/tasks.o
 .text.prvResetNextTaskUnblockTime
                0x0000000008003844       0x38 ./Third_party/FreeRTOS/tasks.o
 .text.xTaskGetSchedulerState
                0x000000000800387c       0x3c ./Third_party/FreeRTOS/tasks.o
                0x000000000800387c                xTaskGetSchedulerState
 .text.xTaskPriorityDisinherit
                0x00000000080038b8      0x100 ./Third_party/FreeRTOS/tasks.o
                0x00000000080038b8                xTaskPriorityDisinherit
 .text.prvAddCurrentTaskToDelayedList
                0x00000000080039b8       0xf0 ./Third_party/FreeRTOS/tasks.o
 .text.xTimerCreateTimerTask
                0x0000000008003aa8       0x64 ./Third_party/FreeRTOS/timers.o
                0x0000000008003aa8                xTimerCreateTimerTask
 .text.xTimerGenericCommand
                0x0000000008003b0c       0x9c ./Third_party/FreeRTOS/timers.o
                0x0000000008003b0c                xTimerGenericCommand
 .text.prvProcessExpiredTimer
                0x0000000008003ba8       0x98 ./Third_party/FreeRTOS/timers.o
 .text.prvTimerTask
                0x0000000008003c40       0x24 ./Third_party/FreeRTOS/timers.o
 .text.prvProcessTimerOrBlockTask
                0x0000000008003c64       0x9c ./Third_party/FreeRTOS/timers.o
 .text.prvGetNextExpireTime
                0x0000000008003d00       0x48 ./Third_party/FreeRTOS/timers.o
 .text.prvSampleTimeNow
                0x0000000008003d48       0x40 ./Third_party/FreeRTOS/timers.o
 .text.prvInsertTimerInActiveList
                0x0000000008003d88       0x84 ./Third_party/FreeRTOS/timers.o
 .text.prvProcessReceivedCommands
                0x0000000008003e0c      0x18c ./Third_party/FreeRTOS/timers.o
 .text.prvSwitchTimerLists
                0x0000000008003f98       0xc8 ./Third_party/FreeRTOS/timers.o
 .text.prvCheckForValidListAndQueue
                0x0000000008004060       0x6c ./Third_party/FreeRTOS/timers.o
 .text.pxPortInitialiseStack
                0x00000000080040cc       0x68 ./Third_party/FreeRTOS/portable/GCC/ARM_CM4F/port.o
                0x00000000080040cc                pxPortInitialiseStack
 .text.prvTaskExitError
                0x0000000008004134       0x58 ./Third_party/FreeRTOS/portable/GCC/ARM_CM4F/port.o
 *fill*         0x000000000800418c        0x4 
 .text.SVC_Handler
                0x0000000008004190       0x28 ./Third_party/FreeRTOS/portable/GCC/ARM_CM4F/port.o
                0x0000000008004190                SVC_Handler
 .text.prvPortStartFirstTask
                0x00000000080041b8       0x2c ./Third_party/FreeRTOS/portable/GCC/ARM_CM4F/port.o
 .text.xPortStartScheduler
                0x00000000080041e4      0x144 ./Third_party/FreeRTOS/portable/GCC/ARM_CM4F/port.o
                0x00000000080041e4                xPortStartScheduler
 .text.vInitPrioGroupValue
                0x0000000008004328       0xfc ./Third_party/FreeRTOS/portable/GCC/ARM_CM4F/port.o
                0x0000000008004328                vInitPrioGroupValue
 .text.vPortEnterCritical
                0x0000000008004424       0x60 ./Third_party/FreeRTOS/portable/GCC/ARM_CM4F/port.o
                0x0000000008004424                vPortEnterCritical
 .text.vPortExitCritical
                0x0000000008004484       0x54 ./Third_party/FreeRTOS/portable/GCC/ARM_CM4F/port.o
                0x0000000008004484                vPortExitCritical
 *fill*         0x00000000080044d8        0x8 
 .text.PendSV_Handler
                0x00000000080044e0       0x68 ./Third_party/FreeRTOS/portable/GCC/ARM_CM4F/port.o
                0x00000000080044e0                PendSV_Handler
 .text.SysTick_Handler
                0x0000000008004548       0x54 ./Third_party/FreeRTOS/portable/GCC/ARM_CM4F/port.o
                0x0000000008004548                SysTick_Handler
 .text.vPortSetupTimerInterrupt
                0x000000000800459c       0x48 ./Third_party/FreeRTOS/portable/GCC/ARM_CM4F/port.o
                0x000000000800459c                vPortSetupTimerInterrupt
 .text.vPortEnableVFP
                0x00000000080045e4       0x18 ./Third_party/FreeRTOS/portable/GCC/ARM_CM4F/port.o
 .text.vPortValidateInterruptPriority
                0x00000000080045fc       0x80 ./Third_party/FreeRTOS/portable/GCC/ARM_CM4F/port.o
                0x00000000080045fc                vPortValidateInterruptPriority
 .text.pvPortMalloc
                0x000000000800467c      0x1c0 ./Third_party/FreeRTOS/portable/MemMang/heap_4.o
                0x000000000800467c                pvPortMalloc
 .text.vPortFree
                0x000000000800483c       0xc4 ./Third_party/FreeRTOS/portable/MemMang/heap_4.o
                0x000000000800483c                vPortFree
 .text.prvHeapInit
                0x0000000008004900       0xc4 ./Third_party/FreeRTOS/portable/MemMang/heap_4.o
 .text.prvInsertBlockIntoFreeList
                0x00000000080049c4       0xb4 ./Third_party/FreeRTOS/portable/MemMang/heap_4.o
 .text._cbSendSystemDesc
                0x0000000008004a78       0x1c ./Third_party/SEGGER/Config/SEGGER_SYSVIEW_Config_FreeRTOS.o
 .text.SEGGER_SYSVIEW_Conf
                0x0000000008004a94       0x2c ./Third_party/SEGGER/Config/SEGGER_SYSVIEW_Config_FreeRTOS.o
                0x0000000008004a94                SEGGER_SYSVIEW_Conf
 .text._cbSendTaskList
                0x0000000008004ac0       0x90 ./Third_party/SEGGER/OS/SEGGER_SYSVIEW_FreeRTOS.o
 .text._cbGetTime
                0x0000000008004b50       0x86 ./Third_party/SEGGER/OS/SEGGER_SYSVIEW_FreeRTOS.o
 *fill*         0x0000000008004bd6        0x2 
 .text.SYSVIEW_AddTask
                0x0000000008004bd8       0xd0 ./Third_party/SEGGER/OS/SEGGER_SYSVIEW_FreeRTOS.o
                0x0000000008004bd8                SYSVIEW_AddTask
 .text.SYSVIEW_SendTaskInfo
                0x0000000008004ca8       0x42 ./Third_party/SEGGER/OS/SEGGER_SYSVIEW_FreeRTOS.o
                0x0000000008004ca8                SYSVIEW_SendTaskInfo
 *fill*         0x0000000008004cea        0x2 
 .text._DoInit  0x0000000008004cec       0xb0 ./Third_party/SEGGER/SEGGER/SEGGER_RTT.o
 .text._WriteBlocking
                0x0000000008004d9c       0xba ./Third_party/SEGGER/SEGGER/SEGGER_RTT.o
 .text._WriteNoCheck
                0x0000000008004e56       0x90 ./Third_party/SEGGER/SEGGER/SEGGER_RTT.o
 .text._GetAvailWriteSpace
                0x0000000008004ee6       0x46 ./Third_party/SEGGER/SEGGER/SEGGER_RTT.o
 .text.SEGGER_RTT_ReadNoLock
                0x0000000008004f2c      0x10c ./Third_party/SEGGER/SEGGER/SEGGER_RTT.o
                0x0000000008004f2c                SEGGER_RTT_ReadNoLock
 .text.SEGGER_RTT_WriteNoLock
                0x0000000008005038       0xa0 ./Third_party/SEGGER/SEGGER/SEGGER_RTT.o
                0x0000000008005038                SEGGER_RTT_WriteNoLock
 .text.SEGGER_RTT_Write
                0x00000000080050d8       0x4c ./Third_party/SEGGER/SEGGER/SEGGER_RTT.o
                0x00000000080050d8                SEGGER_RTT_Write
 .text.SEGGER_RTT_AllocUpBuffer
                0x0000000008005124      0x108 ./Third_party/SEGGER/SEGGER/SEGGER_RTT.o
                0x0000000008005124                SEGGER_RTT_AllocUpBuffer
 .text.SEGGER_RTT_ConfigDownBuffer
                0x000000000800522c       0xe0 ./Third_party/SEGGER/SEGGER/SEGGER_RTT.o
                0x000000000800522c                SEGGER_RTT_ConfigDownBuffer
 .text._EncodeStr
                0x000000000800530c       0x9a ./Third_party/SEGGER/SEGGER/SEGGER_SYSVIEW.o
 .text._PreparePacket
                0x00000000080053a6       0x18 ./Third_party/SEGGER/SEGGER/SEGGER_SYSVIEW.o
 *fill*         0x00000000080053be        0x2 
 .text._HandleIncomingPacket
                0x00000000080053c0       0xe4 ./Third_party/SEGGER/SEGGER/SEGGER_SYSVIEW.o
 .text._TrySendOverflowPacket
                0x00000000080054a4       0xe4 ./Third_party/SEGGER/SEGGER/SEGGER_SYSVIEW.o
 .text._SendPacket
                0x0000000008005588      0x1cc ./Third_party/SEGGER/SEGGER/SEGGER_SYSVIEW.o
 .text.SEGGER_SYSVIEW_Init
                0x0000000008005754       0x88 ./Third_party/SEGGER/SEGGER/SEGGER_SYSVIEW.o
                0x0000000008005754                SEGGER_SYSVIEW_Init
 .text.SEGGER_SYSVIEW_SetRAMBase
                0x00000000080057dc       0x20 ./Third_party/SEGGER/SEGGER/SEGGER_SYSVIEW.o
                0x00000000080057dc                SEGGER_SYSVIEW_SetRAMBase
 .text.SEGGER_SYSVIEW_RecordVoid
                0x00000000080057fc       0x3c ./Third_party/SEGGER/SEGGER/SEGGER_SYSVIEW.o
                0x00000000080057fc                SEGGER_SYSVIEW_RecordVoid
 .text.SEGGER_SYSVIEW_RecordU32
                0x0000000008005838       0x78 ./Third_party/SEGGER/SEGGER/SEGGER_SYSVIEW.o
                0x0000000008005838                SEGGER_SYSVIEW_RecordU32
 .text.SEGGER_SYSVIEW_RecordU32x2
                0x00000000080058b0       0xb4 ./Third_party/SEGGER/SEGGER/SEGGER_SYSVIEW.o
                0x00000000080058b0                SEGGER_SYSVIEW_RecordU32x2
 .text.SEGGER_SYSVIEW_RecordU32x3
                0x0000000008005964       0xec ./Third_party/SEGGER/SEGGER/SEGGER_SYSVIEW.o
                0x0000000008005964                SEGGER_SYSVIEW_RecordU32x3
 .text.SEGGER_SYSVIEW_RecordU32x4
                0x0000000008005a50      0x124 ./Third_party/SEGGER/SEGGER/SEGGER_SYSVIEW.o
                0x0000000008005a50                SEGGER_SYSVIEW_RecordU32x4
 .text.SEGGER_SYSVIEW_Start
                0x0000000008005b74      0x174 ./Third_party/SEGGER/SEGGER/SEGGER_SYSVIEW.o
                0x0000000008005b74                SEGGER_SYSVIEW_Start
 .text.SEGGER_SYSVIEW_Stop
                0x0000000008005ce8       0x4c ./Third_party/SEGGER/SEGGER/SEGGER_SYSVIEW.o
                0x0000000008005ce8                SEGGER_SYSVIEW_Stop
 .text.SEGGER_SYSVIEW_GetSysDesc
                0x0000000008005d34      0x134 ./Third_party/SEGGER/SEGGER/SEGGER_SYSVIEW.o
                0x0000000008005d34                SEGGER_SYSVIEW_GetSysDesc
 .text.SEGGER_SYSVIEW_SendTaskInfo
                0x0000000008005e68      0x1c8 ./Third_party/SEGGER/SEGGER/SEGGER_SYSVIEW.o
                0x0000000008005e68                SEGGER_SYSVIEW_SendTaskInfo
 .text.SEGGER_SYSVIEW_SendTaskList
                0x0000000008006030       0x28 ./Third_party/SEGGER/SEGGER/SEGGER_SYSVIEW.o
                0x0000000008006030                SEGGER_SYSVIEW_SendTaskList
 .text.SEGGER_SYSVIEW_SendSysDesc
                0x0000000008006058       0x48 ./Third_party/SEGGER/SEGGER/SEGGER_SYSVIEW.o
                0x0000000008006058                SEGGER_SYSVIEW_SendSysDesc
 .text.SEGGER_SYSVIEW_RecordSystime
                0x00000000080060a0       0x64 ./Third_party/SEGGER/SEGGER/SEGGER_SYSVIEW.o
                0x00000000080060a0                SEGGER_SYSVIEW_RecordSystime
 .text.SEGGER_SYSVIEW_RecordEnterISR
                0x0000000008006104       0x84 ./Third_party/SEGGER/SEGGER/SEGGER_SYSVIEW.o
                0x0000000008006104                SEGGER_SYSVIEW_RecordEnterISR
 .text.SEGGER_SYSVIEW_RecordExitISR
                0x0000000008006188       0x38 ./Third_party/SEGGER/SEGGER/SEGGER_SYSVIEW.o
                0x0000000008006188                SEGGER_SYSVIEW_RecordExitISR
 .text.SEGGER_SYSVIEW_RecordExitISRToScheduler
                0x00000000080061c0       0x38 ./Third_party/SEGGER/SEGGER/SEGGER_SYSVIEW.o
                0x00000000080061c0                SEGGER_SYSVIEW_RecordExitISRToScheduler
 .text.SEGGER_SYSVIEW_OnIdle
                0x00000000080061f8       0x38 ./Third_party/SEGGER/SEGGER/SEGGER_SYSVIEW.o
                0x00000000080061f8                SEGGER_SYSVIEW_OnIdle
 .text.SEGGER_SYSVIEW_OnTaskCreate
                0x0000000008006230       0x84 ./Third_party/SEGGER/SEGGER/SEGGER_SYSVIEW.o
                0x0000000008006230                SEGGER_SYSVIEW_OnTaskCreate
 .text.SEGGER_SYSVIEW_OnTaskStartExec
                0x00000000080062b4       0x84 ./Third_party/SEGGER/SEGGER/SEGGER_SYSVIEW.o
                0x00000000080062b4                SEGGER_SYSVIEW_OnTaskStartExec
 .text.SEGGER_SYSVIEW_OnTaskStartReady
                0x0000000008006338       0x84 ./Third_party/SEGGER/SEGGER/SEGGER_SYSVIEW.o
                0x0000000008006338                SEGGER_SYSVIEW_OnTaskStartReady
 .text.SEGGER_SYSVIEW_OnTaskStopReady
                0x00000000080063bc       0xc0 ./Third_party/SEGGER/SEGGER/SEGGER_SYSVIEW.o
                0x00000000080063bc                SEGGER_SYSVIEW_OnTaskStopReady
 .text.SEGGER_SYSVIEW_ShrinkId
                0x000000000800647c       0x20 ./Third_party/SEGGER/SEGGER/SEGGER_SYSVIEW.o
                0x000000000800647c                SEGGER_SYSVIEW_ShrinkId
 .text.SEGGER_SYSVIEW_SendModule
                0x000000000800649c      0x100 ./Third_party/SEGGER/SEGGER/SEGGER_SYSVIEW.o
                0x000000000800649c                SEGGER_SYSVIEW_SendModule
 .text.SEGGER_SYSVIEW_SendModuleDescription
                0x000000000800659c       0x3c ./Third_party/SEGGER/SEGGER/SEGGER_SYSVIEW.o
                0x000000000800659c                SEGGER_SYSVIEW_SendModuleDescription
 .text.SEGGER_SYSVIEW_SendNumModules
                0x00000000080065d8       0x7c ./Third_party/SEGGER/SEGGER/SEGGER_SYSVIEW.o
                0x00000000080065d8                SEGGER_SYSVIEW_SendNumModules
 .text.SEGGER_SYSVIEW_Warn
                0x0000000008006654       0xb8 ./Third_party/SEGGER/SEGGER/SEGGER_SYSVIEW.o
                0x0000000008006654                SEGGER_SYSVIEW_Warn
 .text._write_r
                0x000000000800670c       0x22 ./Third_party/SEGGER/SEGGER/Syscalls/SEGGER_RTT_Syscalls_GCC.o
                0x000000000800670c                _write_r
 *fill*         0x000000000800672e        0x2 
 .text.__errno  0x0000000008006730        0xc c:/st/stm32cubeide_1.12.1/stm32cubeide/plugins/com.st.stm32cube.ide.mcu.externaltools.gnu-tools-for-stm32.10.3-2021.10.win32_1.0.200.202301161003/tools/bin/../lib/gcc/arm-none-eabi/10.3.1/../../../../arm-none-eabi/lib/thumb/v7e-m+fp/hard\libc_nano.a(lib_a-errno.o)
                0x0000000008006730                __errno
 .text.__libc_init_array
                0x000000000800673c       0x48 c:/st/stm32cubeide_1.12.1/stm32cubeide/plugins/com.st.stm32cube.ide.mcu.externaltools.gnu-tools-for-stm32.10.3-2021.10.win32_1.0.200.202301161003/tools/bin/../lib/gcc/arm-none-eabi/10.3.1/../../../../arm-none-eabi/lib/thumb/v7e-m+fp/hard\libc_nano.a(lib_a-init.o)
                0x000000000800673c                __libc_init_array
 .text.memcmp   0x0000000008006784       0x20 c:/st/stm32cubeide_1.12.1/stm32cubeide/plugins/com.st.stm32cube.ide.mcu.externaltools.gnu-tools-for-stm32.10.3-2021.10.win32_1.0.200.202301161003/tools/bin/../lib/gcc/arm-none-eabi/10.3.1/../../../../arm-none-eabi/lib/thumb/v7e-m+fp/hard\libc_nano.a(lib_a-memcmp.o)
                0x0000000008006784                memcmp
 .text.memcpy   0x00000000080067a4       0x1c c:/st/stm32cubeide_1.12.1/stm32cubeide/plugins/com.st.stm32cube.ide.mcu.externaltools.gnu-tools-for-stm32.10.3-2021.10.win32_1.0.200.202301161003/tools/bin/../lib/gcc/arm-none-eabi/10.3.1/../../../../arm-none-eabi/lib/thumb/v7e-m+fp/hard\libc_nano.a(lib_a-memcpy-stub.o)
                0x00000000080067a4                memcpy
 .text.memset   0x00000000080067c0       0x10 c:/st/stm32cubeide_1.12.1/stm32cubeide/plugins/com.st.stm32cube.ide.mcu.externaltools.gnu-tools-for-stm32.10.3-2021.10.win32_1.0.200.202301161003/tools/bin/../lib/gcc/arm-none-eabi/10.3.1/../../../../arm-none-eabi/lib/thumb/v7e-m+fp/hard\libc_nano.a(lib_a-memset.o)
                0x00000000080067c0                memset
 .text._puts_r  0x00000000080067d0       0xdc c:/st/stm32cubeide_1.12.1/stm32cubeide/plugins/com.st.stm32cube.ide.mcu.externaltools.gnu-tools-for-stm32.10.3-2021.10.win32_1.0.200.202301161003/tools/bin/../lib/gcc/arm-none-eabi/10.3.1/../../../../arm-none-eabi/lib/thumb/v7e-m+fp/hard\libc_nano.a(lib_a-puts.o)
                0x00000000080067d0                _puts_r
 .text.puts     0x00000000080068ac       0x10 c:/st/stm32cubeide_1.12.1/stm32cubeide/plugins/com.st.stm32cube.ide.mcu.externaltools.gnu-tools-for-stm32.10.3-2021.10.win32_1.0.200.202301161003/tools/bin/../lib/gcc/arm-none-eabi/10.3.1/../../../../arm-none-eabi/lib/thumb/v7e-m+fp/hard\libc_nano.a(lib_a-puts.o)
                0x00000000080068ac                puts
 .text.__swbuf_r
                0x00000000080068bc       0xa4 c:/st/stm32cubeide_1.12.1/stm32cubeide/plugins/com.st.stm32cube.ide.mcu.externaltools.gnu-tools-for-stm32.10.3-2021.10.win32_1.0.200.202301161003/tools/bin/../lib/gcc/arm-none-eabi/10.3.1/../../../../arm-none-eabi/lib/thumb/v7e-m+fp/hard\libc_nano.a(lib_a-wbuf.o)
                0x00000000080068bc                __swbuf_r
 .text.__swsetup_r
                0x0000000008006960       0xdc c:/st/stm32cubeide_1.12.1/stm32cubeide/plugins/com.st.stm32cube.ide.mcu.externaltools.gnu-tools-for-stm32.10.3-2021.10.win32_1.0.200.202301161003/tools/bin/../lib/gcc/arm-none-eabi/10.3.1/../../../../arm-none-eabi/lib/thumb/v7e-m+fp/hard\libc_nano.a(lib_a-wsetup.o)
                0x0000000008006960                __swsetup_r
 .text.__sflush_r
                0x0000000008006a3c      0x10c c:/st/stm32cubeide_1.12.1/stm32cubeide/plugins/com.st.stm32cube.ide.mcu.externaltools.gnu-tools-for-stm32.10.3-2021.10.win32_1.0.200.202301161003/tools/bin/../lib/gcc/arm-none-eabi/10.3.1/../../../../arm-none-eabi/lib/thumb/v7e-m+fp/hard\libc_nano.a(lib_a-fflush.o)
                0x0000000008006a3c                __sflush_r
 .text._fflush_r
                0x0000000008006b48       0x78 c:/st/stm32cubeide_1.12.1/stm32cubeide/plugins/com.st.stm32cube.ide.mcu.externaltools.gnu-tools-for-stm32.10.3-2021.10.win32_1.0.200.202301161003/tools/bin/../lib/gcc/arm-none-eabi/10.3.1/../../../../arm-none-eabi/lib/thumb/v7e-m+fp/hard\libc_nano.a(lib_a-fflush.o)
                0x0000000008006b48                _fflush_r
 .text.std      0x0000000008006bc0       0x48 c:/st/stm32cubeide_1.12.1/stm32cubeide/plugins/com.st.stm32cube.ide.mcu.externaltools.gnu-tools-for-stm32.10.3-2021.10.win32_1.0.200.202301161003/tools/bin/../lib/gcc/arm-none-eabi/10.3.1/../../../../arm-none-eabi/lib/thumb/v7e-m+fp/hard\libc_nano.a(lib_a-findfp.o)
 .text._cleanup_r
                0x0000000008006c08        0xc c:/st/stm32cubeide_1.12.1/stm32cubeide/plugins/com.st.stm32cube.ide.mcu.externaltools.gnu-tools-for-stm32.10.3-2021.10.win32_1.0.200.202301161003/tools/bin/../lib/gcc/arm-none-eabi/10.3.1/../../../../arm-none-eabi/lib/thumb/v7e-m+fp/hard\libc_nano.a(lib_a-findfp.o)
                0x0000000008006c08                _cleanup_r
 .text.__sfmoreglue
                0x0000000008006c14       0x2c c:/st/stm32cubeide_1.12.1/stm32cubeide/plugins/com.st.stm32cube.ide.mcu.externaltools.gnu-tools-for-stm32.10.3-2021.10.win32_1.0.200.202301161003/tools/bin/../lib/gcc/arm-none-eabi/10.3.1/../../../../arm-none-eabi/lib/thumb/v7e-m+fp/hard\libc_nano.a(lib_a-findfp.o)
                0x0000000008006c14                __sfmoreglue
 .text.__sfp_lock_acquire
                0x0000000008006c40        0xc c:/st/stm32cubeide_1.12.1/stm32cubeide/plugins/com.st.stm32cube.ide.mcu.externaltools.gnu-tools-for-stm32.10.3-2021.10.win32_1.0.200.202301161003/tools/bin/../lib/gcc/arm-none-eabi/10.3.1/../../../../arm-none-eabi/lib/thumb/v7e-m+fp/hard\libc_nano.a(lib_a-findfp.o)
                0x0000000008006c40                __sfp_lock_acquire
 .text.__sfp_lock_release
                0x0000000008006c4c        0xc c:/st/stm32cubeide_1.12.1/stm32cubeide/plugins/com.st.stm32cube.ide.mcu.externaltools.gnu-tools-for-stm32.10.3-2021.10.win32_1.0.200.202301161003/tools/bin/../lib/gcc/arm-none-eabi/10.3.1/../../../../arm-none-eabi/lib/thumb/v7e-m+fp/hard\libc_nano.a(lib_a-findfp.o)
                0x0000000008006c4c                __sfp_lock_release
 .text.__sinit_lock_acquire
                0x0000000008006c58        0xc c:/st/stm32cubeide_1.12.1/stm32cubeide/plugins/com.st.stm32cube.ide.mcu.externaltools.gnu-tools-for-stm32.10.3-2021.10.win32_1.0.200.202301161003/tools/bin/../lib/gcc/arm-none-eabi/10.3.1/../../../../arm-none-eabi/lib/thumb/v7e-m+fp/hard\libc_nano.a(lib_a-findfp.o)
                0x0000000008006c58                __sinit_lock_acquire
 .text.__sinit_lock_release
                0x0000000008006c64        0xc c:/st/stm32cubeide_1.12.1/stm32cubeide/plugins/com.st.stm32cube.ide.mcu.externaltools.gnu-tools-for-stm32.10.3-2021.10.win32_1.0.200.202301161003/tools/bin/../lib/gcc/arm-none-eabi/10.3.1/../../../../arm-none-eabi/lib/thumb/v7e-m+fp/hard\libc_nano.a(lib_a-findfp.o)
                0x0000000008006c64                __sinit_lock_release
 .text.__sinit  0x0000000008006c70       0x70 c:/st/stm32cubeide_1.12.1/stm32cubeide/plugins/com.st.stm32cube.ide.mcu.externaltools.gnu-tools-for-stm32.10.3-2021.10.win32_1.0.200.202301161003/tools/bin/../lib/gcc/arm-none-eabi/10.3.1/../../../../arm-none-eabi/lib/thumb/v7e-m+fp/hard\libc_nano.a(lib_a-findfp.o)
                0x0000000008006c70                __sinit
 .text.__sfp    0x0000000008006ce0       0x8c c:/st/stm32cubeide_1.12.1/stm32cubeide/plugins/com.st.stm32cube.ide.mcu.externaltools.gnu-tools-for-stm32.10.3-2021.10.win32_1.0.200.202301161003/tools/bin/../lib/gcc/arm-none-eabi/10.3.1/../../../../arm-none-eabi/lib/thumb/v7e-m+fp/hard\libc_nano.a(lib_a-findfp.o)
                0x0000000008006ce0                __sfp
 .text._fwalk_reent
                0x0000000008006d6c       0x3e c:/st/stm32cubeide_1.12.1/stm32cubeide/plugins/com.st.stm32cube.ide.mcu.externaltools.gnu-tools-for-stm32.10.3-2021.10.win32_1.0.200.202301161003/tools/bin/../lib/gcc/arm-none-eabi/10.3.1/../../../../arm-none-eabi/lib/thumb/v7e-m+fp/hard\libc_nano.a(lib_a-fwalk.o)
                0x0000000008006d6c                _fwalk_reent
 .text.__retarget_lock_init_recursive
                0x0000000008006daa        0x2 c:/st/stm32cubeide_1.12.1/stm32cubeide/plugins/com.st.stm32cube.ide.mcu.externaltools.gnu-tools-for-stm32.10.3-2021.10.win32_1.0.200.202301161003/tools/bin/../lib/gcc/arm-none-eabi/10.3.1/../../../../arm-none-eabi/lib/thumb/v7e-m+fp/hard\libc_nano.a(lib_a-lock.o)
                0x0000000008006daa                __retarget_lock_init_recursive
 .text.__retarget_lock_acquire_recursive
                0x0000000008006dac        0x2 c:/st/stm32cubeide_1.12.1/stm32cubeide/plugins/com.st.stm32cube.ide.mcu.externaltools.gnu-tools-for-stm32.10.3-2021.10.win32_1.0.200.202301161003/tools/bin/../lib/gcc/arm-none-eabi/10.3.1/../../../../arm-none-eabi/lib/thumb/v7e-m+fp/hard\libc_nano.a(lib_a-lock.o)
                0x0000000008006dac                __retarget_lock_acquire_recursive
 .text.__retarget_lock_release_recursive
                0x0000000008006dae        0x2 c:/st/stm32cubeide_1.12.1/stm32cubeide/plugins/com.st.stm32cube.ide.mcu.externaltools.gnu-tools-for-stm32.10.3-2021.10.win32_1.0.200.202301161003/tools/bin/../lib/gcc/arm-none-eabi/10.3.1/../../../../arm-none-eabi/lib/thumb/v7e-m+fp/hard\libc_nano.a(lib_a-lock.o)
                0x0000000008006dae                __retarget_lock_release_recursive
 .text.__swhatbuf_r
                0x0000000008006db0       0x4a c:/st/stm32cubeide_1.12.1/stm32cubeide/plugins/com.st.stm32cube.ide.mcu.externaltools.gnu-tools-for-stm32.10.3-2021.10.win32_1.0.200.202301161003/tools/bin/../lib/gcc/arm-none-eabi/10.3.1/../../../../arm-none-eabi/lib/thumb/v7e-m+fp/hard\libc_nano.a(lib_a-makebuf.o)
                0x0000000008006db0                __swhatbuf_r
 *fill*         0x0000000008006dfa        0x2 
 .text.__smakebuf_r
                0x0000000008006dfc       0x80 c:/st/stm32cubeide_1.12.1/stm32cubeide/plugins/com.st.stm32cube.ide.mcu.externaltools.gnu-tools-for-stm32.10.3-2021.10.win32_1.0.200.202301161003/tools/bin/../lib/gcc/arm-none-eabi/10.3.1/../../../../arm-none-eabi/lib/thumb/v7e-m+fp/hard\libc_nano.a(lib_a-makebuf.o)
                0x0000000008006dfc                __smakebuf_r
 .text._free_r  0x0000000008006e7c       0x98 c:/st/stm32cubeide_1.12.1/stm32cubeide/plugins/com.st.stm32cube.ide.mcu.externaltools.gnu-tools-for-stm32.10.3-2021.10.win32_1.0.200.202301161003/tools/bin/../lib/gcc/arm-none-eabi/10.3.1/../../../../arm-none-eabi/lib/thumb/v7e-m+fp/hard\libc_nano.a(lib_a-nano-freer.o)
                0x0000000008006e7c                _free_r
 .text.sbrk_aligned
                0x0000000008006f14       0x40 c:/st/stm32cubeide_1.12.1/stm32cubeide/plugins/com.st.stm32cube.ide.mcu.externaltools.gnu-tools-for-stm32.10.3-2021.10.win32_1.0.200.202301161003/tools/bin/../lib/gcc/arm-none-eabi/10.3.1/../../../../arm-none-eabi/lib/thumb/v7e-m+fp/hard\libc_nano.a(lib_a-nano-mallocr.o)
 .text._malloc_r
                0x0000000008006f54       0xe8 c:/st/stm32cubeide_1.12.1/stm32cubeide/plugins/com.st.stm32cube.ide.mcu.externaltools.gnu-tools-for-stm32.10.3-2021.10.win32_1.0.200.202301161003/tools/bin/../lib/gcc/arm-none-eabi/10.3.1/../../../../arm-none-eabi/lib/thumb/v7e-m+fp/hard\libc_nano.a(lib_a-nano-mallocr.o)
                0x0000000008006f54                _malloc_r
 .text._sbrk_r  0x000000000800703c       0x20 c:/st/stm32cubeide_1.12.1/stm32cubeide/plugins/com.st.stm32cube.ide.mcu.externaltools.gnu-tools-for-stm32.10.3-2021.10.win32_1.0.200.202301161003/tools/bin/../lib/gcc/arm-none-eabi/10.3.1/../../../../arm-none-eabi/lib/thumb/v7e-m+fp/hard\libc_nano.a(lib_a-sbrkr.o)
                0x000000000800703c                _sbrk_r
 .text.__sread  0x000000000800705c       0x22 c:/st/stm32cubeide_1.12.1/stm32cubeide/plugins/com.st.stm32cube.ide.mcu.externaltools.gnu-tools-for-stm32.10.3-2021.10.win32_1.0.200.202301161003/tools/bin/../lib/gcc/arm-none-eabi/10.3.1/../../../../arm-none-eabi/lib/thumb/v7e-m+fp/hard\libc_nano.a(lib_a-stdio.o)
                0x000000000800705c                __sread
 .text.__swrite
                0x000000000800707e       0x38 c:/st/stm32cubeide_1.12.1/stm32cubeide/plugins/com.st.stm32cube.ide.mcu.externaltools.gnu-tools-for-stm32.10.3-2021.10.win32_1.0.200.202301161003/tools/bin/../lib/gcc/arm-none-eabi/10.3.1/../../../../arm-none-eabi/lib/thumb/v7e-m+fp/hard\libc_nano.a(lib_a-stdio.o)
                0x000000000800707e                __swrite
 .text.__sseek  0x00000000080070b6       0x24 c:/st/stm32cubeide_1.12.1/stm32cubeide/plugins/com.st.stm32cube.ide.mcu.externaltools.gnu-tools-for-stm32.10.3-2021.10.win32_1.0.200.202301161003/tools/bin/../lib/gcc/arm-none-eabi/10.3.1/../../../../arm-none-eabi/lib/thumb/v7e-m+fp/hard\libc_nano.a(lib_a-stdio.o)
                0x00000000080070b6                __sseek
 .text.__sclose
                0x00000000080070da        0x8 c:/st/stm32cubeide_1.12.1/stm32cubeide/plugins/com.st.stm32cube.ide.mcu.externaltools.gnu-tools-for-stm32.10.3-2021.10.win32_1.0.200.202301161003/tools/bin/../lib/gcc/arm-none-eabi/10.3.1/../../../../arm-none-eabi/lib/thumb/v7e-m+fp/hard\libc_nano.a(lib_a-stdio.o)
                0x00000000080070da                __sclose
 *fill*         0x00000000080070e2        0x2 
 .text._close_r
                0x00000000080070e4       0x20 c:/st/stm32cubeide_1.12.1/stm32cubeide/plugins/com.st.stm32cube.ide.mcu.externaltools.gnu-tools-for-stm32.10.3-2021.10.win32_1.0.200.202301161003/tools/bin/../lib/gcc/arm-none-eabi/10.3.1/../../../../arm-none-eabi/lib/thumb/v7e-m+fp/hard\libc_nano.a(lib_a-closer.o)
                0x00000000080070e4                _close_r
 .text._fstat_r
                0x0000000008007104       0x24 c:/st/stm32cubeide_1.12.1/stm32cubeide/plugins/com.st.stm32cube.ide.mcu.externaltools.gnu-tools-for-stm32.10.3-2021.10.win32_1.0.200.202301161003/tools/bin/../lib/gcc/arm-none-eabi/10.3.1/../../../../arm-none-eabi/lib/thumb/v7e-m+fp/hard\libc_nano.a(lib_a-fstatr.o)
                0x0000000008007104                _fstat_r
 .text._isatty_r
                0x0000000008007128       0x20 c:/st/stm32cubeide_1.12.1/stm32cubeide/plugins/com.st.stm32cube.ide.mcu.externaltools.gnu-tools-for-stm32.10.3-2021.10.win32_1.0.200.202301161003/tools/bin/../lib/gcc/arm-none-eabi/10.3.1/../../../../arm-none-eabi/lib/thumb/v7e-m+fp/hard\libc_nano.a(lib_a-isattyr.o)
                0x0000000008007128                _isatty_r
 .text._lseek_r
                0x0000000008007148       0x24 c:/st/stm32cubeide_1.12.1/stm32cubeide/plugins/com.st.stm32cube.ide.mcu.externaltools.gnu-tools-for-stm32.10.3-2021.10.win32_1.0.200.202301161003/tools/bin/../lib/gcc/arm-none-eabi/10.3.1/../../../../arm-none-eabi/lib/thumb/v7e-m+fp/hard\libc_nano.a(lib_a-lseekr.o)
                0x0000000008007148                _lseek_r
 .text.__malloc_lock
                0x000000000800716c        0xc c:/st/stm32cubeide_1.12.1/stm32cubeide/plugins/com.st.stm32cube.ide.mcu.externaltools.gnu-tools-for-stm32.10.3-2021.10.win32_1.0.200.202301161003/tools/bin/../lib/gcc/arm-none-eabi/10.3.1/../../../../arm-none-eabi/lib/thumb/v7e-m+fp/hard\libc_nano.a(lib_a-mlock.o)
                0x000000000800716c                __malloc_lock
 .text.__malloc_unlock
                0x0000000008007178        0xc c:/st/stm32cubeide_1.12.1/stm32cubeide/plugins/com.st.stm32cube.ide.mcu.externaltools.gnu-tools-for-stm32.10.3-2021.10.win32_1.0.200.202301161003/tools/bin/../lib/gcc/arm-none-eabi/10.3.1/../../../../arm-none-eabi/lib/thumb/v7e-m+fp/hard\libc_nano.a(lib_a-mlock.o)
                0x0000000008007178                __malloc_unlock
 .text._read_r  0x0000000008007184       0x24 c:/st/stm32cubeide_1.12.1/stm32cubeide/plugins/com.st.stm32cube.ide.mcu.externaltools.gnu-tools-for-stm32.10.3-2021.10.win32_1.0.200.202301161003/tools/bin/../lib/gcc/arm-none-eabi/10.3.1/../../../../arm-none-eabi/lib/thumb/v7e-m+fp/hard\libc_nano.a(lib_a-readr.o)
                0x0000000008007184                _read_r
 *(.glue_7)
 .glue_7        0x00000000080071a8        0x0 linker stubs
 *(.glue_7t)
 .glue_7t       0x00000000080071a8        0x0 linker stubs
 *(.eh_frame)
 .eh_frame      0x00000000080071a8        0x0 c:/st/stm32cubeide_1.12.1/stm32cubeide/plugins/com.st.stm32cube.ide.mcu.externaltools.gnu-tools-for-stm32.10.3-2021.10.win32_1.0.200.202301161003/tools/bin/../lib/gcc/arm-none-eabi/10.3.1/thumb/v7e-m+fp/hard/crtbegin.o
 *(.init)
 .init          0x00000000080071a8        0x4 c:/st/stm32cubeide_1.12.1/stm32cubeide/plugins/com.st.stm32cube.ide.mcu.externaltools.gnu-tools-for-stm32.10.3-2021.10.win32_1.0.200.202301161003/tools/bin/../lib/gcc/arm-none-eabi/10.3.1/thumb/v7e-m+fp/hard/crti.o
                0x00000000080071a8                _init
 .init          0x00000000080071ac        0x8 c:/st/stm32cubeide_1.12.1/stm32cubeide/plugins/com.st.stm32cube.ide.mcu.externaltools.gnu-tools-for-stm32.10.3-2021.10.win32_1.0.200.202301161003/tools/bin/../lib/gcc/arm-none-eabi/10.3.1/thumb/v7e-m+fp/hard/crtn.o
 *(.fini)
 .fini          0x00000000080071b4        0x4 c:/st/stm32cubeide_1.12.1/stm32cubeide/plugins/com.st.stm32cube.ide.mcu.externaltools.gnu-tools-for-stm32.10.3-2021.10.win32_1.0.200.202301161003/tools/bin/../lib/gcc/arm-none-eabi/10.3.1/thumb/v7e-m+fp/hard/crti.o
                0x00000000080071b4                _fini
 .fini          0x00000000080071b8        0x8 c:/st/stm32cubeide_1.12.1/stm32cubeide/plugins/com.st.stm32cube.ide.mcu.externaltools.gnu-tools-for-stm32.10.3-2021.10.win32_1.0.200.202301161003/tools/bin/../lib/gcc/arm-none-eabi/10.3.1/thumb/v7e-m+fp/hard/crtn.o
                0x00000000080071c0                . = ALIGN (0x4)
                0x00000000080071c0                _etext = .

.vfp11_veneer   0x00000000080071c0        0x0
 .vfp11_veneer  0x00000000080071c0        0x0 linker stubs

.v4_bx          0x00000000080071c0        0x0
 .v4_bx         0x00000000080071c0        0x0 linker stubs

.iplt           0x00000000080071c0        0x0
 .iplt          0x00000000080071c0        0x0 c:/st/stm32cubeide_1.12.1/stm32cubeide/plugins/com.st.stm32cube.ide.mcu.externaltools.gnu-tools-for-stm32.10.3-2021.10.win32_1.0.200.202301161003/tools/bin/../lib/gcc/arm-none-eabi/10.3.1/thumb/v7e-m+fp/hard/crtbegin.o

.rodata         0x00000000080071c0      0x1b4
                0x00000000080071c0                . = ALIGN (0x4)
 *(.rodata)
 .rodata        0x00000000080071c0       0x3f ./Core/Src/main.o
 *fill*         0x00000000080071ff        0x1 
 .rodata        0x0000000008007200        0x5 ./Third_party/FreeRTOS/tasks.o
 *fill*         0x0000000008007205        0x3 
 .rodata        0x0000000008007208        0xd ./Third_party/FreeRTOS/timers.o
 *fill*         0x0000000008007215        0x3 
 .rodata        0x0000000008007218       0x51 ./Third_party/SEGGER/Config/SEGGER_SYSVIEW_Config_FreeRTOS.o
 *fill*         0x0000000008007269        0x3 
 .rodata        0x000000000800726c       0x58 ./Third_party/SEGGER/OS/SEGGER_SYSVIEW_FreeRTOS.o
 .rodata        0x00000000080072c4       0x17 ./Third_party/SEGGER/SEGGER/SEGGER_RTT.o
 *fill*         0x00000000080072db        0x1 
 .rodata        0x00000000080072dc        0x8 ./Third_party/SEGGER/SEGGER/SEGGER_SYSVIEW.o
 *(.rodata*)
 .rodata.AHBPrescTable
                0x00000000080072e4       0x10 ./Core/Src/system_stm32f4xx.o
                0x00000000080072e4                AHBPrescTable
 .rodata.APBPrescTable
                0x00000000080072f4        0x8 ./Core/Src/system_stm32f4xx.o
                0x00000000080072f4                APBPrescTable
 .rodata.SYSVIEW_X_OS_TraceAPI
                0x00000000080072fc        0x8 ./Third_party/SEGGER/OS/SEGGER_SYSVIEW_FreeRTOS.o
                0x00000000080072fc                SYSVIEW_X_OS_TraceAPI
 .rodata._abSync
                0x0000000008007304        0xa ./Third_party/SEGGER/SEGGER/SEGGER_SYSVIEW.o
 *fill*         0x000000000800730e        0x2 
 .rodata._global_impure_ptr
                0x0000000008007310        0x4 c:/st/stm32cubeide_1.12.1/stm32cubeide/plugins/com.st.stm32cube.ide.mcu.externaltools.gnu-tools-for-stm32.10.3-2021.10.win32_1.0.200.202301161003/tools/bin/../lib/gcc/arm-none-eabi/10.3.1/../../../../arm-none-eabi/lib/thumb/v7e-m+fp/hard\libc_nano.a(lib_a-impure.o)
                0x0000000008007310                _global_impure_ptr
 .rodata.__sf_fake_stderr
                0x0000000008007314       0x20 c:/st/stm32cubeide_1.12.1/stm32cubeide/plugins/com.st.stm32cube.ide.mcu.externaltools.gnu-tools-for-stm32.10.3-2021.10.win32_1.0.200.202301161003/tools/bin/../lib/gcc/arm-none-eabi/10.3.1/../../../../arm-none-eabi/lib/thumb/v7e-m+fp/hard\libc_nano.a(lib_a-findfp.o)
                0x0000000008007314                __sf_fake_stderr
 .rodata.__sf_fake_stdin
                0x0000000008007334       0x20 c:/st/stm32cubeide_1.12.1/stm32cubeide/plugins/com.st.stm32cube.ide.mcu.externaltools.gnu-tools-for-stm32.10.3-2021.10.win32_1.0.200.202301161003/tools/bin/../lib/gcc/arm-none-eabi/10.3.1/../../../../arm-none-eabi/lib/thumb/v7e-m+fp/hard\libc_nano.a(lib_a-findfp.o)
                0x0000000008007334                __sf_fake_stdin
 .rodata.__sf_fake_stdout
                0x0000000008007354       0x20 c:/st/stm32cubeide_1.12.1/stm32cubeide/plugins/com.st.stm32cube.ide.mcu.externaltools.gnu-tools-for-stm32.10.3-2021.10.win32_1.0.200.202301161003/tools/bin/../lib/gcc/arm-none-eabi/10.3.1/../../../../arm-none-eabi/lib/thumb/v7e-m+fp/hard\libc_nano.a(lib_a-findfp.o)
                0x0000000008007354                __sf_fake_stdout
                0x0000000008007374                . = ALIGN (0x4)

.ARM.extab      0x0000000008007374        0x0
                0x0000000008007374                . = ALIGN (0x4)
 *(.ARM.extab* .gnu.linkonce.armextab.*)
                0x0000000008007374                . = ALIGN (0x4)

.ARM            0x0000000008007374        0x8
                0x0000000008007374                . = ALIGN (0x4)
                0x0000000008007374                __exidx_start = .
 *(.ARM.exidx*)
 .ARM.exidx     0x0000000008007374        0x8 c:/st/stm32cubeide_1.12.1/stm32cubeide/plugins/com.st.stm32cube.ide.mcu.externaltools.gnu-tools-for-stm32.10.3-2021.10.win32_1.0.200.202301161003/tools/bin/../lib/gcc/arm-none-eabi/10.3.1/thumb/v7e-m+fp/hard\libgcc.a(_udivmoddi4.o)
                0x000000000800737c                __exidx_end = .
                0x000000000800737c                . = ALIGN (0x4)

.rel.dyn        0x000000000800737c        0x0
 .rel.iplt      0x000000000800737c        0x0 c:/st/stm32cubeide_1.12.1/stm32cubeide/plugins/com.st.stm32cube.ide.mcu.externaltools.gnu-tools-for-stm32.10.3-2021.10.win32_1.0.200.202301161003/tools/bin/../lib/gcc/arm-none-eabi/10.3.1/thumb/v7e-m+fp/hard/crtbegin.o

.preinit_array  0x000000000800737c        0x0
                0x000000000800737c                . = ALIGN (0x4)
                0x000000000800737c                PROVIDE (__preinit_array_start = .)
 *(.preinit_array*)
                0x000000000800737c                PROVIDE (__preinit_array_end = .)
                0x000000000800737c                . = ALIGN (0x4)

.init_array     0x000000000800737c        0x4
                0x000000000800737c                . = ALIGN (0x4)
                0x000000000800737c                PROVIDE (__init_array_start = .)
 *(SORT_BY_NAME(.init_array.*))
 *(.init_array*)
 .init_array    0x000000000800737c        0x4 c:/st/stm32cubeide_1.12.1/stm32cubeide/plugins/com.st.stm32cube.ide.mcu.externaltools.gnu-tools-for-stm32.10.3-2021.10.win32_1.0.200.202301161003/tools/bin/../lib/gcc/arm-none-eabi/10.3.1/thumb/v7e-m+fp/hard/crtbegin.o
                0x0000000008007380                PROVIDE (__init_array_end = .)
                0x0000000008007380                . = ALIGN (0x4)

.fini_array     0x0000000008007380        0x4
                0x0000000008007380                . = ALIGN (0x4)
                [!provide]                        PROVIDE (__fini_array_start = .)
 *(SORT_BY_NAME(.fini_array.*))
 *(.fini_array*)
 .fini_array    0x0000000008007380        0x4 c:/st/stm32cubeide_1.12.1/stm32cubeide/plugins/com.st.stm32cube.ide.mcu.externaltools.gnu-tools-for-stm32.10.3-2021.10.win32_1.0.200.202301161003/tools/bin/../lib/gcc/arm-none-eabi/10.3.1/thumb/v7e-m+fp/hard/crtbegin.o
                [!provide]                        PROVIDE (__fini_array_end = .)
                0x0000000008007384                . = ALIGN (0x4)
                0x0000000008007384                _sidata = LOADADDR (.data)

.data           0x0000000020000000       0x78 load address 0x0000000008007384
                0x0000000020000000                . = ALIGN (0x4)
                0x0000000020000000                _sdata = .
 *(.data)
 *(.data*)
 .data.SystemCoreClock
                0x0000000020000000        0x4 ./Core/Src/system_stm32f4xx.o
                0x0000000020000000                SystemCoreClock
 .data.uwTickPrio
                0x0000000020000004        0x4 ./Drivers/STM32F4xx_HAL_Driver/Src/stm32f4xx_hal.o
                0x0000000020000004                uwTickPrio
 .data.uwTickFreq
                0x0000000020000008        0x1 ./Drivers/STM32F4xx_HAL_Driver/Src/stm32f4xx_hal.o
                0x0000000020000008                uwTickFreq
 *fill*         0x0000000020000009        0x3 
 .data.uxTopUsedPriority
                0x000000002000000c        0x4 ./Third_party/FreeRTOS/tasks.o
                0x000000002000000c                uxTopUsedPriority
 .data.uxCriticalNesting
                0x0000000020000010        0x4 ./Third_party/FreeRTOS/portable/GCC/ARM_CM4F/port.o
 .data._impure_ptr
                0x0000000020000014        0x4 c:/st/stm32cubeide_1.12.1/stm32cubeide/plugins/com.st.stm32cube.ide.mcu.externaltools.gnu-tools-for-stm32.10.3-2021.10.win32_1.0.200.202301161003/tools/bin/../lib/gcc/arm-none-eabi/10.3.1/../../../../arm-none-eabi/lib/thumb/v7e-m+fp/hard\libc_nano.a(lib_a-impure.o)
                0x0000000020000014                _impure_ptr
 .data.impure_data
                0x0000000020000018       0x60 c:/st/stm32cubeide_1.12.1/stm32cubeide/plugins/com.st.stm32cube.ide.mcu.externaltools.gnu-tools-for-stm32.10.3-2021.10.win32_1.0.200.202301161003/tools/bin/../lib/gcc/arm-none-eabi/10.3.1/../../../../arm-none-eabi/lib/thumb/v7e-m+fp/hard\libc_nano.a(lib_a-impure.o)
 *(.RamFunc)
 *(.RamFunc*)
                0x0000000020000078                . = ALIGN (0x4)
                0x0000000020000078                _edata = .

.igot.plt       0x0000000020000078        0x0 load address 0x00000000080073fc
 .igot.plt      0x0000000020000078        0x0 c:/st/stm32cubeide_1.12.1/stm32cubeide/plugins/com.st.stm32cube.ide.mcu.externaltools.gnu-tools-for-stm32.10.3-2021.10.win32_1.0.200.202301161003/tools/bin/../lib/gcc/arm-none-eabi/10.3.1/thumb/v7e-m+fp/hard/crtbegin.o
                0x0000000020000078                . = ALIGN (0x4)

.bss            0x0000000020000078    0x1449c load address 0x00000000080073fc
                0x0000000020000078                _sbss = .
                0x0000000020000078                __bss_start__ = _sbss
 *(.bss)
 .bss           0x0000000020000078       0x1c c:/st/stm32cubeide_1.12.1/stm32cubeide/plugins/com.st.stm32cube.ide.mcu.externaltools.gnu-tools-for-stm32.10.3-2021.10.win32_1.0.200.202301161003/tools/bin/../lib/gcc/arm-none-eabi/10.3.1/thumb/v7e-m+fp/hard/crtbegin.o
 *(.bss*)
 .bss.htim5     0x0000000020000094       0x48 ./Core/Src/stm32f4xx_hal_timebase_tim.o
                0x0000000020000094                htim5
 .bss.__sbrk_heap_end
                0x00000000200000dc        0x4 ./Core/Src/sysmem.o
 .bss.uwTick    0x00000000200000e0        0x4 ./Drivers/STM32F4xx_HAL_Driver/Src/stm32f4xx_hal.o
                0x00000000200000e0                uwTick
 .bss.xQueueRegistry
                0x00000000200000e4       0x40 ./Third_party/FreeRTOS/queue.o
                0x00000000200000e4                xQueueRegistry
 .bss.pxCurrentTCB
                0x0000000020000124        0x4 ./Third_party/FreeRTOS/tasks.o
                0x0000000020000124                pxCurrentTCB
 .bss.pxReadyTasksLists
                0x0000000020000128       0x64 ./Third_party/FreeRTOS/tasks.o
 .bss.xDelayedTaskList1
                0x000000002000018c       0x14 ./Third_party/FreeRTOS/tasks.o
 .bss.xDelayedTaskList2
                0x00000000200001a0       0x14 ./Third_party/FreeRTOS/tasks.o
 .bss.pxDelayedTaskList
                0x00000000200001b4        0x4 ./Third_party/FreeRTOS/tasks.o
 .bss.pxOverflowDelayedTaskList
                0x00000000200001b8        0x4 ./Third_party/FreeRTOS/tasks.o
 .bss.xPendingReadyList
                0x00000000200001bc       0x14 ./Third_party/FreeRTOS/tasks.o
 .bss.xTasksWaitingTermination
                0x00000000200001d0       0x14 ./Third_party/FreeRTOS/tasks.o
 .bss.uxDeletedTasksWaitingCleanUp
                0x00000000200001e4        0x4 ./Third_party/FreeRTOS/tasks.o
 .bss.xSuspendedTaskList
                0x00000000200001e8       0x14 ./Third_party/FreeRTOS/tasks.o
 .bss.uxCurrentNumberOfTasks
                0x00000000200001fc        0x4 ./Third_party/FreeRTOS/tasks.o
 .bss.xTickCount
                0x0000000020000200        0x4 ./Third_party/FreeRTOS/tasks.o
 .bss.uxTopReadyPriority
                0x0000000020000204        0x4 ./Third_party/FreeRTOS/tasks.o
 .bss.xSchedulerRunning
                0x0000000020000208        0x4 ./Third_party/FreeRTOS/tasks.o
 .bss.xPendedTicks
                0x000000002000020c        0x4 ./Third_party/FreeRTOS/tasks.o
 .bss.xYieldPending
                0x0000000020000210        0x4 ./Third_party/FreeRTOS/tasks.o
 .bss.xNumOfOverflows
                0x0000000020000214        0x4 ./Third_party/FreeRTOS/tasks.o
 .bss.uxTaskNumber
                0x0000000020000218        0x4 ./Third_party/FreeRTOS/tasks.o
 .bss.xNextTaskUnblockTime
                0x000000002000021c        0x4 ./Third_party/FreeRTOS/tasks.o
 .bss.xIdleTaskHandle
                0x0000000020000220        0x4 ./Third_party/FreeRTOS/tasks.o
 .bss.uxSchedulerSuspended
                0x0000000020000224        0x4 ./Third_party/FreeRTOS/tasks.o
 .bss.xActiveTimerList1
                0x0000000020000228       0x14 ./Third_party/FreeRTOS/timers.o
 .bss.xActiveTimerList2
                0x000000002000023c       0x14 ./Third_party/FreeRTOS/timers.o
 .bss.pxCurrentTimerList
                0x0000000020000250        0x4 ./Third_party/FreeRTOS/timers.o
 .bss.pxOverflowTimerList
                0x0000000020000254        0x4 ./Third_party/FreeRTOS/timers.o
 .bss.xTimerQueue
                0x0000000020000258        0x4 ./Third_party/FreeRTOS/timers.o
 .bss.xTimerTaskHandle
                0x000000002000025c        0x4 ./Third_party/FreeRTOS/timers.o
 .bss.xLastTime.0
                0x0000000020000260        0x4 ./Third_party/FreeRTOS/timers.o
 .bss.ucMaxSysCallPriority
                0x0000000020000264        0x1 ./Third_party/FreeRTOS/portable/GCC/ARM_CM4F/port.o
 *fill*         0x0000000020000265        0x3 
 .bss.ulMaxPRIGROUPValue
                0x0000000020000268        0x4 ./Third_party/FreeRTOS/portable/GCC/ARM_CM4F/port.o
 .bss.ucHeap    0x000000002000026c    0x12c00 ./Third_party/FreeRTOS/portable/MemMang/heap_4.o
 .bss.xStart    0x0000000020012e6c        0x8 ./Third_party/FreeRTOS/portable/MemMang/heap_4.o
 .bss.pxEnd     0x0000000020012e74        0x4 ./Third_party/FreeRTOS/portable/MemMang/heap_4.o
 .bss.xFreeBytesRemaining
                0x0000000020012e78        0x4 ./Third_party/FreeRTOS/portable/MemMang/heap_4.o
 .bss.xMinimumEverFreeBytesRemaining
                0x0000000020012e7c        0x4 ./Third_party/FreeRTOS/portable/MemMang/heap_4.o
 .bss.xNumberOfSuccessfulAllocations
                0x0000000020012e80        0x4 ./Third_party/FreeRTOS/portable/MemMang/heap_4.o
 .bss.xNumberOfSuccessfulFrees
                0x0000000020012e84        0x4 ./Third_party/FreeRTOS/portable/MemMang/heap_4.o
 .bss.xBlockAllocatedBit
                0x0000000020012e88        0x4 ./Third_party/FreeRTOS/portable/MemMang/heap_4.o
 .bss._aTasks   0x0000000020012e8c       0xa0 ./Third_party/SEGGER/OS/SEGGER_SYSVIEW_FreeRTOS.o
 .bss._NumTasks
                0x0000000020012f2c        0x4 ./Third_party/SEGGER/OS/SEGGER_SYSVIEW_FreeRTOS.o
 .bss._SEGGER_RTT
                0x0000000020012f30       0xa8 ./Third_party/SEGGER/SEGGER/SEGGER_RTT.o
                0x0000000020012f30                _SEGGER_RTT
 .bss._acUpBuffer
                0x0000000020012fd8      0x400 ./Third_party/SEGGER/SEGGER/SEGGER_RTT.o
 .bss._acDownBuffer
                0x00000000200133d8       0x10 ./Third_party/SEGGER/SEGGER/SEGGER_RTT.o
 .bss._UpBuffer
                0x00000000200133e8     0x1000 ./Third_party/SEGGER/SEGGER/SEGGER_SYSVIEW.o
 .bss._DownBuffer
                0x00000000200143e8        0x8 ./Third_party/SEGGER/SEGGER/SEGGER_SYSVIEW.o
 .bss._SYSVIEW_Globals
                0x00000000200143f0       0x28 ./Third_party/SEGGER/SEGGER/SEGGER_SYSVIEW.o
 .bss._pFirstModule
                0x0000000020014418        0x4 ./Third_party/SEGGER/SEGGER/SEGGER_SYSVIEW.o
 .bss._NumModules
                0x000000002001441c        0x1 ./Third_party/SEGGER/SEGGER/SEGGER_SYSVIEW.o
 *fill*         0x000000002001441d        0x3 
 .bss._aPacket  0x0000000020014420       0xe3 ./Third_party/SEGGER/SEGGER/SEGGER_SYSVIEW.o
 .bss.__lock___malloc_recursive_mutex
                0x0000000020014503        0x1 c:/st/stm32cubeide_1.12.1/stm32cubeide/plugins/com.st.stm32cube.ide.mcu.externaltools.gnu-tools-for-stm32.10.3-2021.10.win32_1.0.200.202301161003/tools/bin/../lib/gcc/arm-none-eabi/10.3.1/../../../../arm-none-eabi/lib/thumb/v7e-m+fp/hard\libc_nano.a(lib_a-lock.o)
                0x0000000020014503                __lock___malloc_recursive_mutex
 .bss.__lock___sfp_recursive_mutex
                0x0000000020014504        0x1 c:/st/stm32cubeide_1.12.1/stm32cubeide/plugins/com.st.stm32cube.ide.mcu.externaltools.gnu-tools-for-stm32.10.3-2021.10.win32_1.0.200.202301161003/tools/bin/../lib/gcc/arm-none-eabi/10.3.1/../../../../arm-none-eabi/lib/thumb/v7e-m+fp/hard\libc_nano.a(lib_a-lock.o)
                0x0000000020014504                __lock___sfp_recursive_mutex
 .bss.__lock___sinit_recursive_mutex
                0x0000000020014505        0x1 c:/st/stm32cubeide_1.12.1/stm32cubeide/plugins/com.st.stm32cube.ide.mcu.externaltools.gnu-tools-for-stm32.10.3-2021.10.win32_1.0.200.202301161003/tools/bin/../lib/gcc/arm-none-eabi/10.3.1/../../../../arm-none-eabi/lib/thumb/v7e-m+fp/hard\libc_nano.a(lib_a-lock.o)
                0x0000000020014505                __lock___sinit_recursive_mutex
 *fill*         0x0000000020014506        0x2 
 .bss.__malloc_free_list
                0x0000000020014508        0x4 c:/st/stm32cubeide_1.12.1/stm32cubeide/plugins/com.st.stm32cube.ide.mcu.externaltools.gnu-tools-for-stm32.10.3-2021.10.win32_1.0.200.202301161003/tools/bin/../lib/gcc/arm-none-eabi/10.3.1/../../../../arm-none-eabi/lib/thumb/v7e-m+fp/hard\libc_nano.a(lib_a-nano-mallocr.o)
                0x0000000020014508                __malloc_free_list
 .bss.__malloc_sbrk_start
                0x000000002001450c        0x4 c:/st/stm32cubeide_1.12.1/stm32cubeide/plugins/com.st.stm32cube.ide.mcu.externaltools.gnu-tools-for-stm32.10.3-2021.10.win32_1.0.200.202301161003/tools/bin/../lib/gcc/arm-none-eabi/10.3.1/../../../../arm-none-eabi/lib/thumb/v7e-m+fp/hard\libc_nano.a(lib_a-nano-mallocr.o)
                0x000000002001450c                __malloc_sbrk_start
 .bss.errno     0x0000000020014510        0x4 c:/st/stm32cubeide_1.12.1/stm32cubeide/plugins/com.st.stm32cube.ide.mcu.externaltools.gnu-tools-for-stm32.10.3-2021.10.win32_1.0.200.202301161003/tools/bin/../lib/gcc/arm-none-eabi/10.3.1/../../../../arm-none-eabi/lib/thumb/v7e-m+fp/hard\libc_nano.a(lib_a-reent.o)
                0x0000000020014510                errno
 *(COMMON)
                0x0000000020014514                . = ALIGN (0x4)
                0x0000000020014514                _ebss = .
                0x0000000020014514                __bss_end__ = _ebss

._user_heap_stack
                0x0000000020014514      0x604 load address 0x00000000080073fc
                0x0000000020014518                . = ALIGN (0x8)
 *fill*         0x0000000020014514        0x4 
                [!provide]                        PROVIDE (end = .)
                0x0000000020014518                PROVIDE (_end = .)
                0x0000000020014718                . = (. + _Min_Heap_Size)
 *fill*         0x0000000020014518      0x200 
                0x0000000020014b18                . = (. + _Min_Stack_Size)
 *fill*         0x0000000020014718      0x400 
                0x0000000020014b18                . = ALIGN (0x8)

/DISCARD/
 libc.a(*)
 libm.a(*)
 libgcc.a(*)

.ARM.attributes
                0x0000000000000000       0x30
 *(.ARM.attributes)
 .ARM.attributes
                0x0000000000000000       0x1e c:/st/stm32cubeide_1.12.1/stm32cubeide/plugins/com.st.stm32cube.ide.mcu.externaltools.gnu-tools-for-stm32.10.3-2021.10.win32_1.0.200.202301161003/tools/bin/../lib/gcc/arm-none-eabi/10.3.1/thumb/v7e-m+fp/hard/crti.o
 .ARM.attributes
                0x000000000000001e       0x34 c:/st/stm32cubeide_1.12.1/stm32cubeide/plugins/com.st.stm32cube.ide.mcu.externaltools.gnu-tools-for-stm32.10.3-2021.10.win32_1.0.200.202301161003/tools/bin/../lib/gcc/arm-none-eabi/10.3.1/thumb/v7e-m+fp/hard/crtbegin.o
 .ARM.attributes
                0x0000000000000052       0x34 ./Core/Src/main.o
 .ARM.attributes
                0x0000000000000086       0x34 ./Core/Src/stm32f4xx_hal_msp.o
 .ARM.attributes
                0x00000000000000ba       0x34 ./Core/Src/stm32f4xx_hal_timebase_tim.o
 .ARM.attributes
                0x00000000000000ee       0x34 ./Core/Src/stm32f4xx_it.o
 .ARM.attributes
                0x0000000000000122       0x34 ./Core/Src/syscalls.o
 .ARM.attributes
                0x0000000000000156       0x34 ./Core/Src/sysmem.o
 .ARM.attributes
                0x000000000000018a       0x34 ./Core/Src/system_stm32f4xx.o
 .ARM.attributes
                0x00000000000001be       0x21 ./Core/Startup/startup_stm32f411vetx.o
 .ARM.attributes
                0x00000000000001df       0x34 ./Drivers/STM32F4xx_HAL_Driver/Src/stm32f4xx_hal.o
 .ARM.attributes
                0x0000000000000213       0x34 ./Drivers/STM32F4xx_HAL_Driver/Src/stm32f4xx_hal_cortex.o
 .ARM.attributes
                0x0000000000000247       0x34 ./Drivers/STM32F4xx_HAL_Driver/Src/stm32f4xx_hal_gpio.o
 .ARM.attributes
                0x000000000000027b       0x34 ./Drivers/STM32F4xx_HAL_Driver/Src/stm32f4xx_hal_rcc.o
 .ARM.attributes
                0x00000000000002af       0x34 ./Drivers/STM32F4xx_HAL_Driver/Src/stm32f4xx_hal_tim.o
 .ARM.attributes
                0x00000000000002e3       0x34 ./Drivers/STM32F4xx_HAL_Driver/Src/stm32f4xx_hal_tim_ex.o
 .ARM.attributes
                0x0000000000000317       0x34 ./Third_party/FreeRTOS/list.o
 .ARM.attributes
                0x000000000000034b       0x34 ./Third_party/FreeRTOS/queue.o
 .ARM.attributes
                0x000000000000037f       0x34 ./Third_party/FreeRTOS/tasks.o
 .ARM.attributes
                0x00000000000003b3       0x34 ./Third_party/FreeRTOS/timers.o
 .ARM.attributes
                0x00000000000003e7       0x34 ./Third_party/FreeRTOS/portable/GCC/ARM_CM4F/port.o
 .ARM.attributes
                0x000000000000041b       0x34 ./Third_party/FreeRTOS/portable/MemMang/heap_4.o
 .ARM.attributes
                0x000000000000044f       0x34 ./Third_party/SEGGER/Config/SEGGER_SYSVIEW_Config_FreeRTOS.o
 .ARM.attributes
                0x0000000000000483       0x34 ./Third_party/SEGGER/OS/SEGGER_SYSVIEW_FreeRTOS.o
 .ARM.attributes
                0x00000000000004b7       0x34 ./Third_party/SEGGER/SEGGER/SEGGER_RTT.o
 .ARM.attributes
                0x00000000000004eb       0x20 ./Third_party/SEGGER/SEGGER/SEGGER_RTT_ASM_ARMv7M.o
 .ARM.attributes
                0x000000000000050b       0x34 ./Third_party/SEGGER/SEGGER/SEGGER_SYSVIEW.o
 .ARM.attributes
                0x000000000000053f       0x34 ./Third_party/SEGGER/SEGGER/Syscalls/SEGGER_RTT_Syscalls_GCC.o
 .ARM.attributes
                0x0000000000000573       0x34 c:/st/stm32cubeide_1.12.1/stm32cubeide/plugins/com.st.stm32cube.ide.mcu.externaltools.gnu-tools-for-stm32.10.3-2021.10.win32_1.0.200.202301161003/tools/bin/../lib/gcc/arm-none-eabi/10.3.1/../../../../arm-none-eabi/lib/thumb/v7e-m+fp/hard\libc_nano.a(lib_a-errno.o)
 .ARM.attributes
                0x00000000000005a7       0x34 c:/st/stm32cubeide_1.12.1/stm32cubeide/plugins/com.st.stm32cube.ide.mcu.externaltools.gnu-tools-for-stm32.10.3-2021.10.win32_1.0.200.202301161003/tools/bin/../lib/gcc/arm-none-eabi/10.3.1/../../../../arm-none-eabi/lib/thumb/v7e-m+fp/hard\libc_nano.a(lib_a-impure.o)
 .ARM.attributes
                0x00000000000005db       0x34 c:/st/stm32cubeide_1.12.1/stm32cubeide/plugins/com.st.stm32cube.ide.mcu.externaltools.gnu-tools-for-stm32.10.3-2021.10.win32_1.0.200.202301161003/tools/bin/../lib/gcc/arm-none-eabi/10.3.1/../../../../arm-none-eabi/lib/thumb/v7e-m+fp/hard\libc_nano.a(lib_a-init.o)
 .ARM.attributes
                0x000000000000060f       0x34 c:/st/stm32cubeide_1.12.1/stm32cubeide/plugins/com.st.stm32cube.ide.mcu.externaltools.gnu-tools-for-stm32.10.3-2021.10.win32_1.0.200.202301161003/tools/bin/../lib/gcc/arm-none-eabi/10.3.1/../../../../arm-none-eabi/lib/thumb/v7e-m+fp/hard\libc_nano.a(lib_a-memcmp.o)
 .ARM.attributes
                0x0000000000000643       0x34 c:/st/stm32cubeide_1.12.1/stm32cubeide/plugins/com.st.stm32cube.ide.mcu.externaltools.gnu-tools-for-stm32.10.3-2021.10.win32_1.0.200.202301161003/tools/bin/../lib/gcc/arm-none-eabi/10.3.1/../../../../arm-none-eabi/lib/thumb/v7e-m+fp/hard\libc_nano.a(lib_a-memcpy-stub.o)
 .ARM.attributes
                0x0000000000000677       0x34 c:/st/stm32cubeide_1.12.1/stm32cubeide/plugins/com.st.stm32cube.ide.mcu.externaltools.gnu-tools-for-stm32.10.3-2021.10.win32_1.0.200.202301161003/tools/bin/../lib/gcc/arm-none-eabi/10.3.1/../../../../arm-none-eabi/lib/thumb/v7e-m+fp/hard\libc_nano.a(lib_a-memset.o)
 .ARM.attributes
                0x00000000000006ab       0x34 c:/st/stm32cubeide_1.12.1/stm32cubeide/plugins/com.st.stm32cube.ide.mcu.externaltools.gnu-tools-for-stm32.10.3-2021.10.win32_1.0.200.202301161003/tools/bin/../lib/gcc/arm-none-eabi/10.3.1/../../../../arm-none-eabi/lib/thumb/v7e-m+fp/hard\libc_nano.a(lib_a-puts.o)
 .ARM.attributes
                0x00000000000006df       0x34 c:/st/stm32cubeide_1.12.1/stm32cubeide/plugins/com.st.stm32cube.ide.mcu.externaltools.gnu-tools-for-stm32.10.3-2021.10.win32_1.0.200.202301161003/tools/bin/../lib/gcc/arm-none-eabi/10.3.1/../../../../arm-none-eabi/lib/thumb/v7e-m+fp/hard\libc_nano.a(lib_a-wbuf.o)
 .ARM.attributes
                0x0000000000000713       0x34 c:/st/stm32cubeide_1.12.1/stm32cubeide/plugins/com.st.stm32cube.ide.mcu.externaltools.gnu-tools-for-stm32.10.3-2021.10.win32_1.0.200.202301161003/tools/bin/../lib/gcc/arm-none-eabi/10.3.1/../../../../arm-none-eabi/lib/thumb/v7e-m+fp/hard\libc_nano.a(lib_a-wsetup.o)
 .ARM.attributes
                0x0000000000000747       0x34 c:/st/stm32cubeide_1.12.1/stm32cubeide/plugins/com.st.stm32cube.ide.mcu.externaltools.gnu-tools-for-stm32.10.3-2021.10.win32_1.0.200.202301161003/tools/bin/../lib/gcc/arm-none-eabi/10.3.1/../../../../arm-none-eabi/lib/thumb/v7e-m+fp/hard\libc_nano.a(lib_a-fflush.o)
 .ARM.attributes
                0x000000000000077b       0x34 c:/st/stm32cubeide_1.12.1/stm32cubeide/plugins/com.st.stm32cube.ide.mcu.externaltools.gnu-tools-for-stm32.10.3-2021.10.win32_1.0.200.202301161003/tools/bin/../lib/gcc/arm-none-eabi/10.3.1/../../../../arm-none-eabi/lib/thumb/v7e-m+fp/hard\libc_nano.a(lib_a-findfp.o)
 .ARM.attributes
                0x00000000000007af       0x34 c:/st/stm32cubeide_1.12.1/stm32cubeide/plugins/com.st.stm32cube.ide.mcu.externaltools.gnu-tools-for-stm32.10.3-2021.10.win32_1.0.200.202301161003/tools/bin/../lib/gcc/arm-none-eabi/10.3.1/../../../../arm-none-eabi/lib/thumb/v7e-m+fp/hard\libc_nano.a(lib_a-fwalk.o)
 .ARM.attributes
                0x00000000000007e3       0x34 c:/st/stm32cubeide_1.12.1/stm32cubeide/plugins/com.st.stm32cube.ide.mcu.externaltools.gnu-tools-for-stm32.10.3-2021.10.win32_1.0.200.202301161003/tools/bin/../lib/gcc/arm-none-eabi/10.3.1/../../../../arm-none-eabi/lib/thumb/v7e-m+fp/hard\libc_nano.a(lib_a-lock.o)
 .ARM.attributes
                0x0000000000000817       0x34 c:/st/stm32cubeide_1.12.1/stm32cubeide/plugins/com.st.stm32cube.ide.mcu.externaltools.gnu-tools-for-stm32.10.3-2021.10.win32_1.0.200.202301161003/tools/bin/../lib/gcc/arm-none-eabi/10.3.1/../../../../arm-none-eabi/lib/thumb/v7e-m+fp/hard\libc_nano.a(lib_a-makebuf.o)
 .ARM.attributes
                0x000000000000084b       0x34 c:/st/stm32cubeide_1.12.1/stm32cubeide/plugins/com.st.stm32cube.ide.mcu.externaltools.gnu-tools-for-stm32.10.3-2021.10.win32_1.0.200.202301161003/tools/bin/../lib/gcc/arm-none-eabi/10.3.1/../../../../arm-none-eabi/lib/thumb/v7e-m+fp/hard\libc_nano.a(lib_a-nano-freer.o)
 .ARM.attributes
                0x000000000000087f       0x34 c:/st/stm32cubeide_1.12.1/stm32cubeide/plugins/com.st.stm32cube.ide.mcu.externaltools.gnu-tools-for-stm32.10.3-2021.10.win32_1.0.200.202301161003/tools/bin/../lib/gcc/arm-none-eabi/10.3.1/../../../../arm-none-eabi/lib/thumb/v7e-m+fp/hard\libc_nano.a(lib_a-nano-mallocr.o)
 .ARM.attributes
                0x00000000000008b3       0x34 c:/st/stm32cubeide_1.12.1/stm32cubeide/plugins/com.st.stm32cube.ide.mcu.externaltools.gnu-tools-for-stm32.10.3-2021.10.win32_1.0.200.202301161003/tools/bin/../lib/gcc/arm-none-eabi/10.3.1/../../../../arm-none-eabi/lib/thumb/v7e-m+fp/hard\libc_nano.a(lib_a-sbrkr.o)
 .ARM.attributes
                0x00000000000008e7       0x34 c:/st/stm32cubeide_1.12.1/stm32cubeide/plugins/com.st.stm32cube.ide.mcu.externaltools.gnu-tools-for-stm32.10.3-2021.10.win32_1.0.200.202301161003/tools/bin/../lib/gcc/arm-none-eabi/10.3.1/../../../../arm-none-eabi/lib/thumb/v7e-m+fp/hard\libc_nano.a(lib_a-stdio.o)
 .ARM.attributes
                0x000000000000091b       0x34 c:/st/stm32cubeide_1.12.1/stm32cubeide/plugins/com.st.stm32cube.ide.mcu.externaltools.gnu-tools-for-stm32.10.3-2021.10.win32_1.0.200.202301161003/tools/bin/../lib/gcc/arm-none-eabi/10.3.1/../../../../arm-none-eabi/lib/thumb/v7e-m+fp/hard\libc_nano.a(lib_a-closer.o)
 .ARM.attributes
                0x000000000000094f       0x34 c:/st/stm32cubeide_1.12.1/stm32cubeide/plugins/com.st.stm32cube.ide.mcu.externaltools.gnu-tools-for-stm32.10.3-2021.10.win32_1.0.200.202301161003/tools/bin/../lib/gcc/arm-none-eabi/10.3.1/../../../../arm-none-eabi/lib/thumb/v7e-m+fp/hard\libc_nano.a(lib_a-fstatr.o)
 .ARM.attributes
                0x0000000000000983       0x34 c:/st/stm32cubeide_1.12.1/stm32cubeide/plugins/com.st.stm32cube.ide.mcu.externaltools.gnu-tools-for-stm32.10.3-2021.10.win32_1.0.200.202301161003/tools/bin/../lib/gcc/arm-none-eabi/10.3.1/../../../../arm-none-eabi/lib/thumb/v7e-m+fp/hard\libc_nano.a(lib_a-isattyr.o)
 .ARM.attributes
                0x00000000000009b7       0x34 c:/st/stm32cubeide_1.12.1/stm32cubeide/plugins/com.st.stm32cube.ide.mcu.externaltools.gnu-tools-for-stm32.10.3-2021.10.win32_1.0.200.202301161003/tools/bin/../lib/gcc/arm-none-eabi/10.3.1/../../../../arm-none-eabi/lib/thumb/v7e-m+fp/hard\libc_nano.a(lib_a-lseekr.o)
 .ARM.attributes
                0x00000000000009eb       0x34 c:/st/stm32cubeide_1.12.1/stm32cubeide/plugins/com.st.stm32cube.ide.mcu.externaltools.gnu-tools-for-stm32.10.3-2021.10.win32_1.0.200.202301161003/tools/bin/../lib/gcc/arm-none-eabi/10.3.1/../../../../arm-none-eabi/lib/thumb/v7e-m+fp/hard\libc_nano.a(lib_a-mlock.o)
 .ARM.attributes
                0x0000000000000a1f       0x34 c:/st/stm32cubeide_1.12.1/stm32cubeide/plugins/com.st.stm32cube.ide.mcu.externaltools.gnu-tools-for-stm32.10.3-2021.10.win32_1.0.200.202301161003/tools/bin/../lib/gcc/arm-none-eabi/10.3.1/../../../../arm-none-eabi/lib/thumb/v7e-m+fp/hard\libc_nano.a(lib_a-readr.o)
 .ARM.attributes
                0x0000000000000a53       0x34 c:/st/stm32cubeide_1.12.1/stm32cubeide/plugins/com.st.stm32cube.ide.mcu.externaltools.gnu-tools-for-stm32.10.3-2021.10.win32_1.0.200.202301161003/tools/bin/../lib/gcc/arm-none-eabi/10.3.1/../../../../arm-none-eabi/lib/thumb/v7e-m+fp/hard\libc_nano.a(lib_a-reent.o)
 .ARM.attributes
                0x0000000000000a87       0x1e c:/st/stm32cubeide_1.12.1/stm32cubeide/plugins/com.st.stm32cube.ide.mcu.externaltools.gnu-tools-for-stm32.10.3-2021.10.win32_1.0.200.202301161003/tools/bin/../lib/gcc/arm-none-eabi/10.3.1/thumb/v7e-m+fp/hard\libgcc.a(_aeabi_uldivmod.o)
 .ARM.attributes
                0x0000000000000aa5       0x34 c:/st/stm32cubeide_1.12.1/stm32cubeide/plugins/com.st.stm32cube.ide.mcu.externaltools.gnu-tools-for-stm32.10.3-2021.10.win32_1.0.200.202301161003/tools/bin/../lib/gcc/arm-none-eabi/10.3.1/thumb/v7e-m+fp/hard\libgcc.a(_udivmoddi4.o)
 .ARM.attributes
                0x0000000000000ad9       0x1e c:/st/stm32cubeide_1.12.1/stm32cubeide/plugins/com.st.stm32cube.ide.mcu.externaltools.gnu-tools-for-stm32.10.3-2021.10.win32_1.0.200.202301161003/tools/bin/../lib/gcc/arm-none-eabi/10.3.1/thumb/v7e-m+fp/hard\libgcc.a(_dvmd_tls.o)
 .ARM.attributes
                0x0000000000000af7       0x1e c:/st/stm32cubeide_1.12.1/stm32cubeide/plugins/com.st.stm32cube.ide.mcu.externaltools.gnu-tools-for-stm32.10.3-2021.10.win32_1.0.200.202301161003/tools/bin/../lib/gcc/arm-none-eabi/10.3.1/thumb/v7e-m+fp/hard/crtn.o
OUTPUT(001_tasks_freertos.elf elf32-littlearm)
LOAD linker stubs
LOAD c:/st/stm32cubeide_1.12.1/stm32cubeide/plugins/com.st.stm32cube.ide.mcu.externaltools.gnu-tools-for-stm32.10.3-2021.10.win32_1.0.200.202301161003/tools/bin/../lib/gcc/arm-none-eabi/10.3.1/../../../../arm-none-eabi/lib/thumb/v7e-m+fp/hard\libc.a
LOAD c:/st/stm32cubeide_1.12.1/stm32cubeide/plugins/com.st.stm32cube.ide.mcu.externaltools.gnu-tools-for-stm32.10.3-2021.10.win32_1.0.200.202301161003/tools/bin/../lib/gcc/arm-none-eabi/10.3.1/../../../../arm-none-eabi/lib/thumb/v7e-m+fp/hard\libm.a
LOAD c:/st/stm32cubeide_1.12.1/stm32cubeide/plugins/com.st.stm32cube.ide.mcu.externaltools.gnu-tools-for-stm32.10.3-2021.10.win32_1.0.200.202301161003/tools/bin/../lib/gcc/arm-none-eabi/10.3.1/thumb/v7e-m+fp/hard\libgcc.a

.debug_info     0x0000000000000000    0x1512c
 .debug_info    0x0000000000000000      0xf09 ./Core/Src/main.o
 .debug_info    0x0000000000000f09      0x2e3 ./Core/Src/stm32f4xx_hal_msp.o
 .debug_info    0x00000000000011ec      0xbdf ./Core/Src/stm32f4xx_hal_timebase_tim.o
 .debug_info    0x0000000000001dcb      0x6f0 ./Core/Src/stm32f4xx_it.o
 .debug_info    0x00000000000024bb      0x70f ./Core/Src/syscalls.o
 .debug_info    0x0000000000002bca      0x171 ./Core/Src/sysmem.o
 .debug_info    0x0000000000002d3b      0x54f ./Core/Src/system_stm32f4xx.o
 .debug_info    0x000000000000328a       0x22 ./Core/Startup/startup_stm32f411vetx.o
 .debug_info    0x00000000000032ac      0x90d ./Drivers/STM32F4xx_HAL_Driver/Src/stm32f4xx_hal.o
 .debug_info    0x0000000000003bb9      0xd8b ./Drivers/STM32F4xx_HAL_Driver/Src/stm32f4xx_hal_cortex.o
 .debug_info    0x0000000000004944      0x78e ./Drivers/STM32F4xx_HAL_Driver/Src/stm32f4xx_hal_gpio.o
 .debug_info    0x00000000000050d2      0x98d ./Drivers/STM32F4xx_HAL_Driver/Src/stm32f4xx_hal_rcc.o
 .debug_info    0x0000000000005a5f     0x2bb6 ./Drivers/STM32F4xx_HAL_Driver/Src/stm32f4xx_hal_tim.o
 .debug_info    0x0000000000008615     0x15d8 ./Drivers/STM32F4xx_HAL_Driver/Src/stm32f4xx_hal_tim_ex.o
 .debug_info    0x0000000000009bed      0x2d1 ./Third_party/FreeRTOS/list.o
 .debug_info    0x0000000000009ebe     0x1988 ./Third_party/FreeRTOS/queue.o
 .debug_info    0x000000000000b846     0x23d8 ./Third_party/FreeRTOS/tasks.o
 .debug_info    0x000000000000dc1e      0xedd ./Third_party/FreeRTOS/timers.o
 .debug_info    0x000000000000eafb      0x5ca ./Third_party/FreeRTOS/portable/GCC/ARM_CM4F/port.o
 .debug_info    0x000000000000f0c5      0x50d ./Third_party/FreeRTOS/portable/MemMang/heap_4.o
 .debug_info    0x000000000000f5d2      0x181 ./Third_party/SEGGER/Config/SEGGER_SYSVIEW_Config_FreeRTOS.o
 .debug_info    0x000000000000f753      0x43d ./Third_party/SEGGER/OS/SEGGER_SYSVIEW_FreeRTOS.o
 .debug_info    0x000000000000fb90     0x14ff ./Third_party/SEGGER/SEGGER/SEGGER_RTT.o
 .debug_info    0x000000000001108f       0x26 ./Third_party/SEGGER/SEGGER/SEGGER_RTT_ASM_ARMv7M.o
 .debug_info    0x00000000000110b5     0x380a ./Third_party/SEGGER/SEGGER/SEGGER_SYSVIEW.o
 .debug_info    0x00000000000148bf      0x86d ./Third_party/SEGGER/SEGGER/Syscalls/SEGGER_RTT_Syscalls_GCC.o

.debug_abbrev   0x0000000000000000     0x3213
 .debug_abbrev  0x0000000000000000      0x2ea ./Core/Src/main.o
 .debug_abbrev  0x00000000000002ea       0xe7 ./Core/Src/stm32f4xx_hal_msp.o
 .debug_abbrev  0x00000000000003d1      0x1f7 ./Core/Src/stm32f4xx_hal_timebase_tim.o
 .debug_abbrev  0x00000000000005c8      0x182 ./Core/Src/stm32f4xx_it.o
 .debug_abbrev  0x000000000000074a      0x1af ./Core/Src/syscalls.o
 .debug_abbrev  0x00000000000008f9       0xbb ./Core/Src/sysmem.o
 .debug_abbrev  0x00000000000009b4      0x116 ./Core/Src/system_stm32f4xx.o
 .debug_abbrev  0x0000000000000aca       0x12 ./Core/Startup/startup_stm32f411vetx.o
 .debug_abbrev  0x0000000000000adc      0x23e ./Drivers/STM32F4xx_HAL_Driver/Src/stm32f4xx_hal.o
 .debug_abbrev  0x0000000000000d1a      0x316 ./Drivers/STM32F4xx_HAL_Driver/Src/stm32f4xx_hal_cortex.o
 .debug_abbrev  0x0000000000001030      0x1c4 ./Drivers/STM32F4xx_HAL_Driver/Src/stm32f4xx_hal_gpio.o
 .debug_abbrev  0x00000000000011f4      0x2aa ./Drivers/STM32F4xx_HAL_Driver/Src/stm32f4xx_hal_rcc.o
 .debug_abbrev  0x000000000000149e      0x26e ./Drivers/STM32F4xx_HAL_Driver/Src/stm32f4xx_hal_tim.o
 .debug_abbrev  0x000000000000170c      0x276 ./Drivers/STM32F4xx_HAL_Driver/Src/stm32f4xx_hal_tim_ex.o
 .debug_abbrev  0x0000000000001982       0xf2 ./Third_party/FreeRTOS/list.o
 .debug_abbrev  0x0000000000001a74      0x312 ./Third_party/FreeRTOS/queue.o