../Core/Src/main.c:79:5:main	56	static,ignoring_inline_asm
../Core/Src/main.c:145:6:SystemClock_Config	88	static
../Core/Src/main.c:192:13:MX_I2S2_Init	8	static
../Core/Src/main.c:226:13:MX_SPI1_Init	8	static
../Core/Src/main.c:264:13:MX_GPIO_Init	56	static
../Core/Src/main.c:364:13:led_green_handler	16	static
../Core/Src/main.c:373:13:led_orange_handler	16	static
../Core/Src/main.c:383:13:led_red_handler	16	static
../Core/Src/main.c:392:13:led_blue_handler	16	static
../Core/Src/main.c:411:6:HAL_TIM_PeriodElapsedCallback	16	static
../Core/Src/main.c:428:6:Error_Handler	4	static,ignoring_inline_asm
